Archive member included to satisfy reference by file (symbol)

/usr/local/mcuxpressoide-11.1.0_3209/ide/plugins/com.nxp.mcuxpresso.tools.linux_11.1.0.201909161352/tools/bin/../lib/gcc/arm-none-eabi/8.3.1/../../../../arm-none-eabi/lib/thumb/v7e-m+fp/hard/libcr_semihost_nf.a(_cr__main.o)
                              ./startup/startup_mk22f51212.o (__main)
/usr/local/mcuxpressoide-11.1.0_3209/ide/plugins/com.nxp.mcuxpresso.tools.linux_11.1.0.201909161352/tools/bin/../lib/gcc/arm-none-eabi/8.3.1/../../../../arm-none-eabi/lib/thumb/v7e-m+fp/hard/libcr_c.a(initio.o)
                              /usr/local/mcuxpressoide-11.1.0_3209/ide/plugins/com.nxp.mcuxpresso.tools.linux_11.1.0.201909161352/tools/bin/../lib/gcc/arm-none-eabi/8.3.1/../../../../arm-none-eabi/lib/thumb/v7e-m+fp/hard/libcr_semihost_nf.a(_cr__main.o) (_initio)
/usr/local/mcuxpressoide-11.1.0_3209/ide/plugins/com.nxp.mcuxpresso.tools.linux_11.1.0.201909161352/tools/bin/../lib/gcc/arm-none-eabi/8.3.1/../../../../arm-none-eabi/lib/thumb/v7e-m+fp/hard/libcr_c.a(printf.o)
                              ./source/MK22FN512xxx12_Project.o (_printf)
/usr/local/mcuxpressoide-11.1.0_3209/ide/plugins/com.nxp.mcuxpresso.tools.linux_11.1.0.201909161352/tools/bin/../lib/gcc/arm-none-eabi/8.3.1/../../../../arm-none-eabi/lib/thumb/v7e-m+fp/hard/libcr_c.a(setvbuf.o)
                              /usr/local/mcuxpressoide-11.1.0_3209/ide/plugins/com.nxp.mcuxpresso.tools.linux_11.1.0.201909161352/tools/bin/../lib/gcc/arm-none-eabi/8.3.1/../../../../arm-none-eabi/lib/thumb/v7e-m+fp/hard/libcr_c.a(initio.o) (setvbuf)
/usr/local/mcuxpressoide-11.1.0_3209/ide/plugins/com.nxp.mcuxpresso.tools.linux_11.1.0.201909161352/tools/bin/../lib/gcc/arm-none-eabi/8.3.1/../../../../arm-none-eabi/lib/thumb/v7e-m+fp/hard/libcr_c.a(strlen.o)
                              /usr/local/mcuxpressoide-11.1.0_3209/ide/plugins/com.nxp.mcuxpresso.tools.linux_11.1.0.201909161352/tools/bin/../lib/gcc/arm-none-eabi/8.3.1/../../../../arm-none-eabi/lib/thumb/v7e-m+fp/hard/libcr_c.a(printf.o) (strlen)
/usr/local/mcuxpressoide-11.1.0_3209/ide/plugins/com.nxp.mcuxpresso.tools.linux_11.1.0.201909161352/tools/bin/../lib/gcc/arm-none-eabi/8.3.1/../../../../arm-none-eabi/lib/thumb/v7e-m+fp/hard/libcr_c.a(memset.o)
                              /usr/local/mcuxpressoide-11.1.0_3209/ide/plugins/com.nxp.mcuxpresso.tools.linux_11.1.0.201909161352/tools/bin/../lib/gcc/arm-none-eabi/8.3.1/../../../../arm-none-eabi/lib/thumb/v7e-m+fp/hard/libcr_c.a(printf.o) (memset)
/usr/local/mcuxpressoide-11.1.0_3209/ide/plugins/com.nxp.mcuxpresso.tools.linux_11.1.0.201909161352/tools/bin/../lib/gcc/arm-none-eabi/8.3.1/../../../../arm-none-eabi/lib/thumb/v7e-m+fp/hard/libcr_c.a(_deferredlazyseek.o)
                              /usr/local/mcuxpressoide-11.1.0_3209/ide/plugins/com.nxp.mcuxpresso.tools.linux_11.1.0.201909161352/tools/bin/../lib/gcc/arm-none-eabi/8.3.1/../../../../arm-none-eabi/lib/thumb/v7e-m+fp/hard/libcr_c.a(printf.o) (__flsbuf)
/usr/local/mcuxpressoide-11.1.0_3209/ide/plugins/com.nxp.mcuxpresso.tools.linux_11.1.0.201909161352/tools/bin/../lib/gcc/arm-none-eabi/8.3.1/../../../../arm-none-eabi/lib/thumb/v7e-m+fp/hard/libcr_c.a(_fdopen.o)
                              /usr/local/mcuxpressoide-11.1.0_3209/ide/plugins/com.nxp.mcuxpresso.tools.linux_11.1.0.201909161352/tools/bin/../lib/gcc/arm-none-eabi/8.3.1/../../../../arm-none-eabi/lib/thumb/v7e-m+fp/hard/libcr_c.a(initio.o) (_fdopen)
/usr/local/mcuxpressoide-11.1.0_3209/ide/plugins/com.nxp.mcuxpresso.tools.linux_11.1.0.201909161352/tools/bin/../lib/gcc/arm-none-eabi/8.3.1/../../../../arm-none-eabi/lib/thumb/v7e-m+fp/hard/libcr_c.a(_fflush.o)
                              /usr/local/mcuxpressoide-11.1.0_3209/ide/plugins/com.nxp.mcuxpresso.tools.linux_11.1.0.201909161352/tools/bin/../lib/gcc/arm-none-eabi/8.3.1/../../../../arm-none-eabi/lib/thumb/v7e-m+fp/hard/libcr_c.a(_deferredlazyseek.o) (_fflush)
/usr/local/mcuxpressoide-11.1.0_3209/ide/plugins/com.nxp.mcuxpresso.tools.linux_11.1.0.201909161352/tools/bin/../lib/gcc/arm-none-eabi/8.3.1/../../../../arm-none-eabi/lib/thumb/v7e-m+fp/hard/libcr_c.a(_writebuf.o)
                              /usr/local/mcuxpressoide-11.1.0_3209/ide/plugins/com.nxp.mcuxpresso.tools.linux_11.1.0.201909161352/tools/bin/../lib/gcc/arm-none-eabi/8.3.1/../../../../arm-none-eabi/lib/thumb/v7e-m+fp/hard/libcr_c.a(_deferredlazyseek.o) (_Cwritebuf)
/usr/local/mcuxpressoide-11.1.0_3209/ide/plugins/com.nxp.mcuxpresso.tools.linux_11.1.0.201909161352/tools/bin/../lib/gcc/arm-none-eabi/8.3.1/../../../../arm-none-eabi/lib/thumb/v7e-m+fp/hard/libcr_c.a(alloc.o)
                              /usr/local/mcuxpressoide-11.1.0_3209/ide/plugins/com.nxp.mcuxpresso.tools.linux_11.1.0.201909161352/tools/bin/../lib/gcc/arm-none-eabi/8.3.1/../../../../arm-none-eabi/lib/thumb/v7e-m+fp/hard/libcr_c.a(printf.o) (malloc)
[...]
Memory Configuration

Name             Origin             Length             Attributes
PROGRAM_FLASH    0x0000000000000000 0x0000000000080000 xr
SRAM_UPPER       0x0000000020000000 0x0000000000010000 xrw
SRAM_LOWER       0x000000001fff0000 0x0000000000010000 xrw
*default*        0x0000000000000000 0xffffffffffffffff

Linker script and memory map

LOAD ./startup/startup_mk22f51212.o
LOAD ./source/MK22FN512xxx12_Project.o
LOAD ./source/semihost_hardfault.o
LOAD ./device/system_MK22F51212.o
LOAD ./board/board.o
LOAD ./board/clock_config.o
LOAD ./board/peripherals.o
LOAD ./board/pin_mux.o
START GROUP
LOAD /usr/local/mcuxpressoide-11.1.0_3209/ide/plugins/com.nxp.mcuxpresso.tools.linux_11.1.0.201909161352/tools/bin/../lib/gcc/arm-none-eabi/8.3.1/../../../../arm-none-eabi/lib/thumb/v7e-m+fp/hard/libcr_semihost_nf.a
LOAD /usr/local/mcuxpressoide-11.1.0_3209/ide/plugins/com.nxp.mcuxpresso.tools.linux_11.1.0.201909161352/tools/bin/../lib/gcc/arm-none-eabi/8.3.1/../../../../arm-none-eabi/lib/thumb/v7e-m+fp/hard/libcr_c.a
LOAD /usr/local/mcuxpressoide-11.1.0_3209/ide/plugins/com.nxp.mcuxpresso.tools.linux_11.1.0.201909161352/tools/bin/../lib/gcc/arm-none-eabi/8.3.1/thumb/v7e-m+fp/hard/libcr_eabihelpers.a
LOAD /usr/local/mcuxpressoide-11.1.0_3209/ide/plugins/com.nxp.mcuxpresso.tools.linux_11.1.0.201909161352/tools/bin/../lib/gcc/arm-none-eabi/8.3.1/thumb/v7e-m+fp/hard/libgcc.a
END GROUP
                0x0000000000000000                __base_PROGRAM_FLASH = 0x0
                0x0000000000000000                __base_Flash = 0x0
                0x0000000000080000                __top_PROGRAM_FLASH = 0x80000
                0x0000000000080000                __top_Flash = 0x80000
                0x0000000020000000                __base_SRAM_UPPER = 0x20000000
                0x0000000020000000                __base_RAM = 0x20000000
                0x0000000020010000                __top_SRAM_UPPER = 0x20010000
                0x0000000020010000                __top_RAM = 0x20010000
                0x000000001fff0000                __base_SRAM_LOWER = 0x1fff0000
                0x000000001fff0000                __base_RAM2 = 0x1fff0000
                0x0000000020000000                __top_SRAM_LOWER = 0x20000000
                0x0000000020000000                __top_RAM2 = 0x20000000

.text           0x0000000000000000     0x1eb0
 FILL mask 0xff
                0x0000000000000000                __vectors_start__ = ABSOLUTE (.)
 *(SORT_BY_ALIGNMENT(.isr_vector))
 .isr_vector    0x0000000000000000      0x168 ./startup/startup_mk22f51212.o
                0x0000000000000000                __Vectors
                0x0000000000000000                g_pfnVectors
                0x0000000000000168                . = ALIGN (0x4)
                0x0000000000000168                __section_table_start = .
                0x0000000000000168                __data_section_table = .
                0x0000000000000168        0x4 LONG 0x1eb0 LOADADDR (.data)
                0x000000000000016c        0x4 LONG 0x20000000 ADDR (.data)
                0x0000000000000170        0x4 LONG 0x4 SIZEOF (.data)
                0x0000000000000174        0x4 LONG 0x1eb0 LOADADDR (.data_RAM2)
                0x0000000000000178        0x4 LONG 0x1fff0000 ADDR (.data_RAM2)
                0x000000000000017c        0x4 LONG 0x0 SIZEOF (.data_RAM2)
                0x0000000000000180                __data_section_table_end = .
                0x0000000000000180                __bss_section_table = .
                0x0000000000000180        0x4 LONG 0x20000004 ADDR (.bss)
                0x0000000000000184        0x4 LONG 0xc4 SIZEOF (.bss)
                0x0000000000000188        0x4 LONG 0x1fff0000 ADDR (.bss_RAM2)
                0x000000000000018c        0x4 LONG 0x0 SIZEOF (.bss_RAM2)
                0x0000000000000190                __bss_section_table_end = .
                0x0000000000000190                __section_table_end = .
 *(SORT_BY_ALIGNMENT(.after_vectors*))
 .after_vectors.reset
                0x0000000000000190       0x4c ./startup/startup_mk22f51212.o
                0x0000000000000190                ResetISR
 .after_vectors.init_data
                0x00000000000001dc       0x1e ./startup/startup_mk22f51212.o
                0x00000000000001dc                data_init
 .after_vectors.init_bss
                0x00000000000001fa       0x12 ./startup/startup_mk22f51212.o
                0x00000000000001fa                bss_init
 .after_vectors
                0x000000000000020c       0x14 ./startup/startup_mk22f51212.o
                0x000000000000020c                NMI_Handler
                0x0000000000000210                MemManage_Handler
                0x0000000000000212                BusFault_Handler
                0x0000000000000214                UsageFault_Handler
                0x0000000000000216                SVC_Handler
                0x0000000000000218                DebugMon_Handler
                0x000000000000021a                PendSV_Handler
                0x000000000000021c                SysTick_Handler
                0x000000000000021e                DMA0_DriverIRQHandler
                0x000000000000021e                PORTB_DriverIRQHandler
                0x000000000000021e                DMA12_DriverIRQHandler
                0x000000000000021e                SPI1_DriverIRQHandler
                0x000000000000021e                LPTMR0_DriverIRQHandler
                0x000000000000021e                DMA_Error_DriverIRQHandler
                0x000000000000021e                FTM1_DriverIRQHandler
                0x000000000000021e                FTM2_DriverIRQHandler
                0x000000000000021e                PIT2_DriverIRQHandler
                0x000000000000021e                Reserved82_DriverIRQHandler
                0x000000000000021e                I2S0_Tx_DriverIRQHandler
                0x000000000000021e                RTC_Seconds_DriverIRQHandler
                0x000000000000021e                FTF_DriverIRQHandler
                0x000000000000021e                DMA6_DriverIRQHandler
                0x000000000000021e                LLWU_DriverIRQHandler
                0x000000000000021e                MCM_DriverIRQHandler
                0x000000000000021e                MCG_DriverIRQHandler
                0x000000000000021e                DAC1_DriverIRQHandler
                0x000000000000021e                CMP1_DriverIRQHandler
                0x000000000000021e                FTM0_DriverIRQHandler
                0x000000000000021e                IntDefaultHandler
                0x000000000000021e                USB0_DriverIRQHandler
                0x000000000000021e                PORTC_DriverIRQHandler
                0x000000000000021e                DMA11_DriverIRQHandler
                0x000000000000021e                DAC0_DriverIRQHandler
                0x000000000000021e                DMA10_DriverIRQHandler
                0x000000000000021e                UART2_ERR_DriverIRQHandler
                0x000000000000021e                LVD_LVW_DriverIRQHandler
                0x000000000000021e                Reserved84_DriverIRQHandler
                0x000000000000021e                PIT0_DriverIRQHandler
                0x000000000000021e                RNG_DriverIRQHandler
                0x000000000000021e                DMA5_DriverIRQHandler
                0x000000000000021e                DMA4_DriverIRQHandler
                0x000000000000021e                UART2_RX_TX_DriverIRQHandler
                0x000000000000021e                DMA3_DriverIRQHandler
                0x000000000000021e                Reserved53_DriverIRQHandler
                0x000000000000021e                DMA8_DriverIRQHandler
                0x000000000000021e                DMA9_DriverIRQHandler
                0x000000000000021e                UART0_ERR_DriverIRQHandler
                0x000000000000021e                Reserved71_DriverIRQHandler
                0x000000000000021e                ADC1_DriverIRQHandler
                0x000000000000021e                PORTA_DriverIRQHandler
                0x000000000000021e                DMA14_DriverIRQHandler
                0x000000000000021e                PIT3_DriverIRQHandler
                0x000000000000021e                PIT1_DriverIRQHandler
                0x000000000000021e                WDOG_EWM_DriverIRQHandler
                0x000000000000021e                PDB0_DriverIRQHandler
                0x000000000000021e                Reserved83_DriverIRQHandler
                0x000000000000021e                Reserved61_DriverIRQHandler
                0x000000000000021e                RTC_DriverIRQHandler
                0x000000000000021e                I2S0_Rx_DriverIRQHandler
                0x000000000000021e                Read_Collision_DriverIRQHandler
                0x000000000000021e                Reserved54_DriverIRQHandler
                0x000000000000021e                SWI_DriverIRQHandler
                0x000000000000021e                DMA1_DriverIRQHandler
                0x000000000000021e                I2C1_DriverIRQHandler
                0x000000000000021e                DMA13_DriverIRQHandler
                0x000000000000021e                DMA15_DriverIRQHandler
                0x000000000000021e                LPUART0_DriverIRQHandler
                0x000000000000021e                Reserved85_DriverIRQHandler
                0x000000000000021e                Reserved81_DriverIRQHandler
                0x000000000000021e                UART0_RX_TX_DriverIRQHandler
                0x000000000000021e                SPI0_DriverIRQHandler
                0x000000000000021e                ADC0_DriverIRQHandler
                0x000000000000021e                CMP0_DriverIRQHandler
                0x000000000000021e                FTM3_DriverIRQHandler
                0x000000000000021e                UART1_ERR_DriverIRQHandler
                0x000000000000021e                DMA2_DriverIRQHandler
                0x000000000000021e                PORTD_DriverIRQHandler
                0x000000000000021e                Reserved70_DriverIRQHandler
                0x000000000000021e                Reserved86_DriverIRQHandler
                0x000000000000021e                PORTE_DriverIRQHandler
                0x000000000000021e                I2C0_DriverIRQHandler
                0x000000000000021e                DMA7_DriverIRQHandler
                0x000000000000021e                UART1_RX_TX_DriverIRQHandler
                0x0000000000000400                . = 0x400
 *fill*         0x0000000000000220      0x1e0 ff
                0x0000000000000400                PROVIDE (__FLASH_CONFIG_START__ = .)
 *(SORT_BY_ALIGNMENT(.FlashConfig))
 .FlashConfig   0x0000000000000400       0x10 ./startup/startup_mk22f51212.o
                0x0000000000000400                Flash_Config
                0x0000000000000410                PROVIDE (__FLASH_CONFIG_END__ = .)
                0x0000000000000001                ASSERT (! ((__FLASH_CONFIG_START__ == __FLASH_CONFIG_END__)), Linker Flash Config Support Enabled, but no .FlashConfig section provided within application)
 *(SORT_BY_ALIGNMENT(.text*))
 .text.main     0x0000000000000410       0x2c ./source/MK22FN512xxx12_Project.o
                0x0000000000000410                main
 .text.SystemInit
                0x000000000000043c       0x3c ./device/system_MK22F51212.o
                0x000000000000043c                SystemInit
 .text.SystemCoreClockUpdate
                0x0000000000000478      0x28c ./device/system_MK22F51212.o
                0x0000000000000478                SystemCoreClockUpdate
 .text._initio  0x0000000000000704       0x78 /usr/local/mcuxpressoide-11.1.0_3209/ide/plugins/com.nxp.mcuxpresso.tools.linux_11.1.0.201909161352/tools/bin/../lib/gcc/arm-none-eabi/8.3.1/../../../../arm-none-eabi/lib/thumb/v7e-m+fp/hard/libcr_c.a(initio.o)
                0x0000000000000704                _initio
 .text.__vfprintf
                0x000000000000077c      0xbe0 /usr/local/mcuxpressoide-11.1.0_3209/ide/plugins/com.nxp.mcuxpresso.tools.linux_11.1.0.201909161352/tools/bin/../lib/gcc/arm-none-eabi/8.3.1/../../../../arm-none-eabi/lib/thumb/v7e-m+fp/hard/libcr_c.a(printf.o)
                0x000000000000077c                __vfprintf
 .text._vsnprintf
                0x000000000000135c       0x68 /usr/local/mcuxpressoide-11.1.0_3209/ide/plugins/com.nxp.mcuxpresso.tools.linux_11.1.0.201909161352/tools/bin/../lib/gcc/arm-none-eabi/8.3.1/../../../../arm-none-eabi/lib/thumb/v7e-m+fp/hard/libcr_c.a(printf.o)
                0x000000000000135c                _vsnprintf
 .text._printf  0x00000000000013c4       0x54 /usr/local/mcuxpressoide-11.1.0_3209/ide/plugins/com.nxp.mcuxpresso.tools.linux_11.1.0.201909161352/tools/bin/../lib/gcc/arm-none-eabi/8.3.1/../../../../arm-none-eabi/lib/thumb/v7e-m+fp/hard/libcr_c.a(printf.o)
                0x00000000000013c4                _printf
 .text.setvbuf  0x0000000000001418       0x40 /usr/local/mcuxpressoide-11.1.0_3209/ide/plugins/com.nxp.mcuxpresso.tools.linux_11.1.0.201909161352/tools/bin/../lib/gcc/arm-none-eabi/8.3.1/../../../../arm-none-eabi/lib/thumb/v7e-m+fp/hard/libcr_c.a(setvbuf.o)
                0x0000000000001418                setvbuf
 .text._Cwritebuf
                0x0000000000001458       0x6c /usr/local/mcuxpressoide-11.1.0_3209/ide/plugins/com.nxp.mcuxpresso.tools.linux_11.1.0.201909161352/tools/bin/../lib/gcc/arm-none-eabi/8.3.1/../../../../arm-none-eabi/lib/thumb/v7e-m+fp/hard/libcr_c.a(_writebuf.o)
                0x0000000000001458                _Cwritebuf
 .text.malloc   0x00000000000014c4       0xc8 /usr/local/mcuxpressoide-11.1.0_3209/ide/plugins/com.nxp.mcuxpresso.tools.linux_11.1.0.201909161352/tools/bin/../lib/gcc/arm-none-eabi/8.3.1/../../../../arm-none-eabi/lib/thumb/v7e-m+fp/hard/libcr_c.a(alloc.o)
                0x00000000000014c4                malloc
 .text._Csys_alloc
                0x000000000000158c       0x20 /usr/local/mcuxpressoide-11.1.0_3209/ide/plugins/com.nxp.mcuxpresso.tools.linux_11.1.0.201909161352/tools/bin/../lib/gcc/arm-none-eabi/8.3.1/../../../../arm-none-eabi/lib/thumb/v7e-m+fp/hard/libcr_c.a(alloc.o)
                0x000000000000158c                _Csys_alloc
 .text.fflush   0x00000000000015ac       0x44 /usr/local/mcuxpressoide-11.1.0_3209/ide/plugins/com.nxp.mcuxpresso.tools.linux_11.1.0.201909161352/tools/bin/../lib/gcc/arm-none-eabi/8.3.1/../../../../arm-none-eabi/lib/thumb/v7e-m+fp/hard/libcr_c.a(fflush.o)
                0x00000000000015ac                fflush
 .text.fseek    0x00000000000015f0      0x100 /usr/local/mcuxpressoide-11.1.0_3209/ide/plugins/com.nxp.mcuxpresso.tools.linux_11.1.0.201909161352/tools/bin/../lib/gcc/arm-none-eabi/8.3.1/../../../../arm-none-eabi/lib/thumb/v7e-m+fp/hard/libcr_c.a(fseek.o)
                0x00000000000015f0                fseek
 .text.ftell    0x00000000000016f0       0x48 /usr/local/mcuxpressoide-11.1.0_3209/ide/plugins/com.nxp.mcuxpresso.tools.linux_11.1.0.201909161352/tools/bin/../lib/gcc/arm-none-eabi/8.3.1/../../../../arm-none-eabi/lib/thumb/v7e-m+fp/hard/libcr_c.a(ftell.o)
                0x00000000000016f0                ftell
 .text._sbrk    0x0000000000001738       0x3c /usr/local/mcuxpressoide-11.1.0_3209/ide/plugins/com.nxp.mcuxpresso.tools.linux_11.1.0.201909161352/tools/bin/../lib/gcc/arm-none-eabi/8.3.1/../../../../arm-none-eabi/lib/thumb/v7e-m+fp/hard/libcr_c.a(_cr_sbrk.o)
                0x0000000000001738                _sbrk
 .text.__check_heap_overflow
                0x0000000000001774       0x18 /usr/local/mcuxpressoide-11.1.0_3209/ide/plugins/com.nxp.mcuxpresso.tools.linux_11.1.0.201909161352/tools/bin/../lib/gcc/arm-none-eabi/8.3.1/../../../../arm-none-eabi/lib/thumb/v7e-m+fp/hard/libcr_c.a(_cr_check_heap.o)
                0x0000000000001774                __check_heap_overflow
 .text.__sys_appexit
                0x000000000000178c        0xc /usr/local/mcuxpressoide-11.1.0_3209/ide/plugins/com.nxp.mcuxpresso.tools.linux_11.1.0.201909161352/tools/bin/../lib/gcc/arm-none-eabi/8.3.1/../../../../arm-none-eabi/lib/thumb/v7e-m+fp/hard/libcr_semihost_nf.a(__sys_appexit.o)
                0x000000000000178c                __exit
                0x000000000000178c                __sys_appexit
 .text.DMA0_IRQHandler
                0x0000000000001798        0x8 ./startup/startup_mk22f51212.o
                0x0000000000001798                DMA0_IRQHandler
 .text.DMA1_IRQHandler
                0x00000000000017a0        0x8 ./startup/startup_mk22f51212.o
                0x00000000000017a0                DMA1_IRQHandler
 .text.DMA2_IRQHandler
                0x00000000000017a8        0x8 ./startup/startup_mk22f51212.o
                0x00000000000017a8                DMA2_IRQHandler
 .text.DMA3_IRQHandler
                0x00000000000017b0        0x8 ./startup/startup_mk22f51212.o
                0x00000000000017b0                DMA3_IRQHandler
 .text.DMA4_IRQHandler
                0x00000000000017b8        0x8 ./startup/startup_mk22f51212.o
                0x00000000000017b8                DMA4_IRQHandler
 .text.DMA5_IRQHandler
                0x00000000000017c0        0x8 ./startup/startup_mk22f51212.o
                0x00000000000017c0                DMA5_IRQHandler
 .text.DMA6_IRQHandler
                0x00000000000017c8        0x8 ./startup/startup_mk22f51212.o
                0x00000000000017c8                DMA6_IRQHandler
 .text.DMA7_IRQHandler
                0x00000000000017d0        0x8 ./startup/startup_mk22f51212.o
                0x00000000000017d0                DMA7_IRQHandler
 .text.DMA8_IRQHandler
                0x00000000000017d8        0x8 ./startup/startup_mk22f51212.o
                0x00000000000017d8                DMA8_IRQHandler
 .text.DMA9_IRQHandler
                0x00000000000017e0        0x8 ./startup/startup_mk22f51212.o
                0x00000000000017e0                DMA9_IRQHandler
 .text.DMA10_IRQHandler
                0x00000000000017e8        0x8 ./startup/startup_mk22f51212.o
                0x00000000000017e8                DMA10_IRQHandler
 .text.DMA11_IRQHandler
                0x00000000000017f0        0x8 ./startup/startup_mk22f51212.o
                0x00000000000017f0                DMA11_IRQHandler
 .text.DMA12_IRQHandler
                0x00000000000017f8        0x8 ./startup/startup_mk22f51212.o
                0x00000000000017f8                DMA12_IRQHandler
 .text.DMA13_IRQHandler
                0x0000000000001800        0x8 ./startup/startup_mk22f51212.o
                0x0000000000001800                DMA13_IRQHandler
 .text.DMA14_IRQHandler
                0x0000000000001808        0x8 ./startup/startup_mk22f51212.o
                0x0000000000001808                DMA14_IRQHandler
 .text.DMA15_IRQHandler
                0x0000000000001810        0x8 ./startup/startup_mk22f51212.o
                0x0000000000001810                DMA15_IRQHandler
 .text.DMA_Error_IRQHandler
                0x0000000000001818        0x8 ./startup/startup_mk22f51212.o
                0x0000000000001818                DMA_Error_IRQHandler
 .text.MCM_IRQHandler
                0x0000000000001820        0x8 ./startup/startup_mk22f51212.o
                0x0000000000001820                MCM_IRQHandler
 .text.FTF_IRQHandler
                0x0000000000001828        0x8 ./startup/startup_mk22f51212.o
                0x0000000000001828                FTF_IRQHandler
 .text.Read_Collision_IRQHandler
                0x0000000000001830        0x8 ./startup/startup_mk22f51212.o
                0x0000000000001830                Read_Collision_IRQHandler
 .text.LVD_LVW_IRQHandler
                0x0000000000001838        0x8 ./startup/startup_mk22f51212.o
                0x0000000000001838                LVD_LVW_IRQHandler
 .text.LLWU_IRQHandler
                0x0000000000001840        0x8 ./startup/startup_mk22f51212.o
                0x0000000000001840                LLWU_IRQHandler
 .text.WDOG_EWM_IRQHandler
                0x0000000000001848        0x8 ./startup/startup_mk22f51212.o
                0x0000000000001848                WDOG_EWM_IRQHandler
 .text.RNG_IRQHandler
                0x0000000000001850        0x8 ./startup/startup_mk22f51212.o
                0x0000000000001850                RNG_IRQHandler
 .text.I2C0_IRQHandler
                0x0000000000001858        0x8 ./startup/startup_mk22f51212.o
                0x0000000000001858                I2C0_IRQHandler
 .text.I2C1_IRQHandler
                0x0000000000001860        0x8 ./startup/startup_mk22f51212.o
                0x0000000000001860                I2C1_IRQHandler
 .text.SPI0_IRQHandler
                0x0000000000001868        0x8 ./startup/startup_mk22f51212.o
                0x0000000000001868                SPI0_IRQHandler
 .text.SPI1_IRQHandler
                0x0000000000001870        0x8 ./startup/startup_mk22f51212.o
                0x0000000000001870                SPI1_IRQHandler
 .text.I2S0_Tx_IRQHandler
                0x0000000000001878        0x8 ./startup/startup_mk22f51212.o
                0x0000000000001878                I2S0_Tx_IRQHandler
 .text.I2S0_Rx_IRQHandler
                0x0000000000001880        0x8 ./startup/startup_mk22f51212.o
                0x0000000000001880                I2S0_Rx_IRQHandler
 .text.LPUART0_IRQHandler
                0x0000000000001888        0x8 ./startup/startup_mk22f51212.o
                0x0000000000001888                LPUART0_IRQHandler
 .text.UART0_RX_TX_IRQHandler
                0x0000000000001890        0x8 ./startup/startup_mk22f51212.o
                0x0000000000001890                UART0_RX_TX_IRQHandler
 .text.UART0_ERR_IRQHandler
                0x0000000000001898        0x8 ./startup/startup_mk22f51212.o
                0x0000000000001898                UART0_ERR_IRQHandler
 .text.UART1_RX_TX_IRQHandler
                0x00000000000018a0        0x8 ./startup/startup_mk22f51212.o
                0x00000000000018a0                UART1_RX_TX_IRQHandler
 .text.UART1_ERR_IRQHandler
                0x00000000000018a8        0x8 ./startup/startup_mk22f51212.o
                0x00000000000018a8                UART1_ERR_IRQHandler
 .text.UART2_RX_TX_IRQHandler
                0x00000000000018b0        0x8 ./startup/startup_mk22f51212.o
                0x00000000000018b0                UART2_RX_TX_IRQHandler
 .text.UART2_ERR_IRQHandler
                0x00000000000018b8        0x8 ./startup/startup_mk22f51212.o
                0x00000000000018b8                UART2_ERR_IRQHandler
 .text.Reserved53_IRQHandler
                0x00000000000018c0        0x8 ./startup/startup_mk22f51212.o
                0x00000000000018c0                Reserved53_IRQHandler
 .text.Reserved54_IRQHandler
                0x00000000000018c8        0x8 ./startup/startup_mk22f51212.o
                0x00000000000018c8                Reserved54_IRQHandler
 .text.ADC0_IRQHandler
                0x00000000000018d0        0x8 ./startup/startup_mk22f51212.o
                0x00000000000018d0                ADC0_IRQHandler
 .text.CMP0_IRQHandler
                0x00000000000018d8        0x8 ./startup/startup_mk22f51212.o
                0x00000000000018d8                CMP0_IRQHandler
 .text.CMP1_IRQHandler
                0x00000000000018e0        0x8 ./startup/startup_mk22f51212.o
                0x00000000000018e0                CMP1_IRQHandler
 .text.FTM0_IRQHandler
                0x00000000000018e8        0x8 ./startup/startup_mk22f51212.o
                0x00000000000018e8                FTM0_IRQHandler
 .text.FTM1_IRQHandler
                0x00000000000018f0        0x8 ./startup/startup_mk22f51212.o
                0x00000000000018f0                FTM1_IRQHandler
 .text.FTM2_IRQHandler
                0x00000000000018f8        0x8 ./startup/startup_mk22f51212.o
                0x00000000000018f8                FTM2_IRQHandler
 .text.Reserved61_IRQHandler
                0x0000000000001900        0x8 ./startup/startup_mk22f51212.o
                0x0000000000001900                Reserved61_IRQHandler
 .text.RTC_IRQHandler
                0x0000000000001908        0x8 ./startup/startup_mk22f51212.o
                0x0000000000001908                RTC_IRQHandler
 .text.RTC_Seconds_IRQHandler
                0x0000000000001910        0x8 ./startup/startup_mk22f51212.o
                0x0000000000001910                RTC_Seconds_IRQHandler
 .text.PIT0_IRQHandler
                0x0000000000001918        0x8 ./startup/startup_mk22f51212.o
                0x0000000000001918                PIT0_IRQHandler
 .text.PIT1_IRQHandler
                0x0000000000001920        0x8 ./startup/startup_mk22f51212.o
                0x0000000000001920                PIT1_IRQHandler
 .text.PIT2_IRQHandler
                0x0000000000001928        0x8 ./startup/startup_mk22f51212.o
                0x0000000000001928                PIT2_IRQHandler
 .text.PIT3_IRQHandler
                0x0000000000001930        0x8 ./startup/startup_mk22f51212.o
                0x0000000000001930                PIT3_IRQHandler
 .text.PDB0_IRQHandler
                0x0000000000001938        0x8 ./startup/startup_mk22f51212.o
                0x0000000000001938                PDB0_IRQHandler
 .text.USB0_IRQHandler
                0x0000000000001940        0x8 ./startup/startup_mk22f51212.o
                0x0000000000001940                USB0_IRQHandler
 .text.Reserved70_IRQHandler
                0x0000000000001948        0x8 ./startup/startup_mk22f51212.o
                0x0000000000001948                Reserved70_IRQHandler
 .text.Reserved71_IRQHandler
                0x0000000000001950        0x8 ./startup/startup_mk22f51212.o
                0x0000000000001950                Reserved71_IRQHandler
 .text.DAC0_IRQHandler
                0x0000000000001958        0x8 ./startup/startup_mk22f51212.o
                0x0000000000001958                DAC0_IRQHandler
 .text.MCG_IRQHandler
                0x0000000000001960        0x8 ./startup/startup_mk22f51212.o
                0x0000000000001960                MCG_IRQHandler
 .text.LPTMR0_IRQHandler
                0x0000000000001968        0x8 ./startup/startup_mk22f51212.o
                0x0000000000001968                LPTMR0_IRQHandler
 .text.PORTA_IRQHandler
                0x0000000000001970        0x8 ./startup/startup_mk22f51212.o
                0x0000000000001970                PORTA_IRQHandler
 .text.PORTB_IRQHandler
                0x0000000000001978        0x8 ./startup/startup_mk22f51212.o
                0x0000000000001978                PORTB_IRQHandler
 .text.PORTC_IRQHandler
                0x0000000000001980        0x8 ./startup/startup_mk22f51212.o
                0x0000000000001980                PORTC_IRQHandler
 .text.PORTD_IRQHandler
                0x0000000000001988        0x8 ./startup/startup_mk22f51212.o
                0x0000000000001988                PORTD_IRQHandler
 .text.PORTE_IRQHandler
                0x0000000000001990        0x8 ./startup/startup_mk22f51212.o
                0x0000000000001990                PORTE_IRQHandler
 .text.SWI_IRQHandler
                0x0000000000001998        0x8 ./startup/startup_mk22f51212.o
                0x0000000000001998                SWI_IRQHandler
 .text.Reserved81_IRQHandler
                0x00000000000019a0        0x8 ./startup/startup_mk22f51212.o
                0x00000000000019a0                Reserved81_IRQHandler
 .text.Reserved82_IRQHandler
                0x00000000000019a8        0x8 ./startup/startup_mk22f51212.o
                0x00000000000019a8                Reserved82_IRQHandler
 .text.Reserved83_IRQHandler
                0x00000000000019b0        0x8 ./startup/startup_mk22f51212.o
                0x00000000000019b0                Reserved83_IRQHandler
 .text.Reserved84_IRQHandler
                0x00000000000019b8        0x8 ./startup/startup_mk22f51212.o
                0x00000000000019b8                Reserved84_IRQHandler
 .text.Reserved85_IRQHandler
                0x00000000000019c0        0x8 ./startup/startup_mk22f51212.o
                0x00000000000019c0                Reserved85_IRQHandler
 .text.Reserved86_IRQHandler
                0x00000000000019c8        0x8 ./startup/startup_mk22f51212.o
                0x00000000000019c8                Reserved86_IRQHandler
 .text.FTM3_IRQHandler
                0x00000000000019d0        0x8 ./startup/startup_mk22f51212.o
                0x00000000000019d0                FTM3_IRQHandler
 .text.DAC1_IRQHandler
                0x00000000000019d8        0x8 ./startup/startup_mk22f51212.o
                0x00000000000019d8                DAC1_IRQHandler
 .text.ADC1_IRQHandler
                0x00000000000019e0        0x8 ./startup/startup_mk22f51212.o
                0x00000000000019e0                ADC1_IRQHandler
 .text.HardFault_Handler
                0x00000000000019e8       0x2c ./source/semihost_hardfault.o
                0x00000000000019e8                HardFault_Handler
 .text.SystemInitHook
                0x0000000000001a14        0xe ./device/system_MK22F51212.o
                0x0000000000001a14                SystemInitHook
 .text.BOARD_InitBootClocks
                0x0000000000001a22        0xc ./board/clock_config.o
                0x0000000000001a22                BOARD_InitBootClocks
 .text.BOARD_InitBootPeripherals
                0x0000000000001a2e        0xe ./board/peripherals.o
                0x0000000000001a2e                BOARD_InitBootPeripherals
 .text.BOARD_InitBootPins
                0x0000000000001a3c        0xe ./board/pin_mux.o
                0x0000000000001a3c                BOARD_InitBootPins
 .text.__main   0x0000000000001a4a        0xe /usr/local/mcuxpressoide-11.1.0_3209/ide/plugins/com.nxp.mcuxpresso.tools.linux_11.1.0.201909161352/tools/bin/../lib/gcc/arm-none-eabi/8.3.1/../../../../arm-none-eabi/lib/thumb/v7e-m+fp/hard/libcr_semihost_nf.a(_cr__main.o)
                0x0000000000001a4a                __main
                0x0000000000001a4a                __CR_SEMIHOST
 .text.no_fp_display
                0x0000000000001a58        0x4 /usr/local/mcuxpressoide-11.1.0_3209/ide/plugins/com.nxp.mcuxpresso.tools.linux_11.1.0.201909161352/tools/bin/../lib/gcc/arm-none-eabi/8.3.1/../../../../arm-none-eabi/lib/thumb/v7e-m+fp/hard/libcr_c.a(printf.o)
 .text.strlen   0x0000000000001a5c       0x4c /usr/local/mcuxpressoide-11.1.0_3209/ide/plugins/com.nxp.mcuxpresso.tools.linux_11.1.0.201909161352/tools/bin/../lib/gcc/arm-none-eabi/8.3.1/../../../../arm-none-eabi/lib/thumb/v7e-m+fp/hard/libcr_c.a(strlen.o)
                0x0000000000001a5c                strlen
 .text.memset   0x0000000000001aa8        0x4 /usr/local/mcuxpressoide-11.1.0_3209/ide/plugins/com.nxp.mcuxpresso.tools.linux_11.1.0.201909161352/tools/bin/../lib/gcc/arm-none-eabi/8.3.1/../../../../arm-none-eabi/lib/thumb/v7e-m+fp/hard/libcr_c.a(memset.o)
                0x0000000000001aa8                memset
 .text._deferredlazyseek
                0x0000000000001aac       0x40 /usr/local/mcuxpressoide-11.1.0_3209/ide/plugins/com.nxp.mcuxpresso.tools.linux_11.1.0.201909161352/tools/bin/../lib/gcc/arm-none-eabi/8.3.1/../../../../arm-none-eabi/lib/thumb/v7e-m+fp/hard/libcr_c.a(_deferredlazyseek.o)
                0x0000000000001aac                _deferredlazyseek
 .text.__flsbuf
                0x0000000000001aec      0x140 /usr/local/mcuxpressoide-11.1.0_3209/ide/plugins/com.nxp.mcuxpresso.tools.linux_11.1.0.201909161352/tools/bin/../lib/gcc/arm-none-eabi/8.3.1/../../../../arm-none-eabi/lib/thumb/v7e-m+fp/hard/libcr_c.a(_deferredlazyseek.o)
                0x0000000000001aec                __flsbuf
 .text._fdopen  0x0000000000001c2c       0x68 /usr/local/mcuxpressoide-11.1.0_3209/ide/plugins/com.nxp.mcuxpresso.tools.linux_11.1.0.201909161352/tools/bin/../lib/gcc/arm-none-eabi/8.3.1/../../../../arm-none-eabi/lib/thumb/v7e-m+fp/hard/libcr_c.a(_fdopen.o)
                0x0000000000001c2c                _fdopen
 .text._fflush  0x0000000000001c94       0x52 /usr/local/mcuxpressoide-11.1.0_3209/ide/plugins/com.nxp.mcuxpresso.tools.linux_11.1.0.201909161352/tools/bin/../lib/gcc/arm-none-eabi/8.3.1/../../../../arm-none-eabi/lib/thumb/v7e-m+fp/hard/libcr_c.a(_fflush.o)
                0x0000000000001c94                _fflush
 .text.free     0x0000000000001ce6       0x30 /usr/local/mcuxpressoide-11.1.0_3209/ide/plugins/com.nxp.mcuxpresso.tools.linux_11.1.0.201909161352/tools/bin/../lib/gcc/arm-none-eabi/8.3.1/../../../../arm-none-eabi/lib/thumb/v7e-m+fp/hard/libcr_c.a(alloc.o)
                0x0000000000001ce6                free
 .text.fclose   0x0000000000001d16       0x58 /usr/local/mcuxpressoide-11.1.0_3209/ide/plugins/com.nxp.mcuxpresso.tools.linux_11.1.0.201909161352/tools/bin/../lib/gcc/arm-none-eabi/8.3.1/../../../../arm-none-eabi/lib/thumb/v7e-m+fp/hard/libcr_c.a(fclose.o)
                0x0000000000001d16                fclose
 .text.remove   0x0000000000001d6e       0x14 /usr/local/mcuxpressoide-11.1.0_3209/ide/plugins/com.nxp.mcuxpresso.tools.linux_11.1.0.201909161352/tools/bin/../lib/gcc/arm-none-eabi/8.3.1/../../../../arm-none-eabi/lib/thumb/v7e-m+fp/hard/libcr_c.a(remove.o)
                0x0000000000001d6e                remove
 .text._do_fflush
                0x0000000000001d82       0x40 /usr/local/mcuxpressoide-11.1.0_3209/ide/plugins/com.nxp.mcuxpresso.tools.linux_11.1.0.201909161352/tools/bin/../lib/gcc/arm-none-eabi/8.3.1/../../../../arm-none-eabi/lib/thumb/v7e-m+fp/hard/libcr_c.a(_do_fflush.o)
                0x0000000000001d82                _do_fflush
 .text.__aeabi_memset_lowlevel
                0x0000000000001dc2       0x32 /usr/local/mcuxpressoide-11.1.0_3209/ide/plugins/com.nxp.mcuxpresso.tools.linux_11.1.0.201909161352/tools/bin/../lib/gcc/arm-none-eabi/8.3.1/thumb/v7e-m+fp/hard/libcr_eabihelpers.a(memcpy.o)
                0x0000000000001dc2                __aeabi_lowlevel_memset
 .text.__sys_close
                0x0000000000001df4        0xc /usr/local/mcuxpressoide-11.1.0_3209/ide/plugins/com.nxp.mcuxpresso.tools.linux_11.1.0.201909161352/tools/bin/../lib/gcc/arm-none-eabi/8.3.1/../../../../arm-none-eabi/lib/thumb/v7e-m+fp/hard/libcr_semihost_nf.a(__sys_close.o)
                0x0000000000001df4                __sys_close
 .text.__sys_flen
                0x0000000000001e00        0xc /usr/local/mcuxpressoide-11.1.0_3209/ide/plugins/com.nxp.mcuxpresso.tools.linux_11.1.0.201909161352/tools/bin/../lib/gcc/arm-none-eabi/8.3.1/../../../../arm-none-eabi/lib/thumb/v7e-m+fp/hard/libcr_semihost_nf.a(__sys_flen.o)
                0x0000000000001e00                __sys_flen
 .text.__sys_istty
                0x0000000000001e0c        0xc /usr/local/mcuxpressoide-11.1.0_3209/ide/plugins/com.nxp.mcuxpresso.tools.linux_11.1.0.201909161352/tools/bin/../lib/gcc/arm-none-eabi/8.3.1/../../../../arm-none-eabi/lib/thumb/v7e-m+fp/hard/libcr_semihost_nf.a(__sys_istty.o)
                0x0000000000001e0c                __sys_istty
 .text.__sys_remove
                0x0000000000001e18        0xc /usr/local/mcuxpressoide-11.1.0_3209/ide/plugins/com.nxp.mcuxpresso.tools.linux_11.1.0.201909161352/tools/bin/../lib/gcc/arm-none-eabi/8.3.1/../../../../arm-none-eabi/lib/thumb/v7e-m+fp/hard/libcr_semihost_nf.a(__sys_remove.o)
                0x0000000000001e18                __sys_remove
 .text.__sys_seek
                0x0000000000001e24        0xc /usr/local/mcuxpressoide-11.1.0_3209/ide/plugins/com.nxp.mcuxpresso.tools.linux_11.1.0.201909161352/tools/bin/../lib/gcc/arm-none-eabi/8.3.1/../../../../arm-none-eabi/lib/thumb/v7e-m+fp/hard/libcr_semihost_nf.a(__sys_seek.o)
                0x0000000000001e24                __sys_seek
 .text.__sys_tmpnam
                0x0000000000001e30        0xc /usr/local/mcuxpressoide-11.1.0_3209/ide/plugins/com.nxp.mcuxpresso.tools.linux_11.1.0.201909161352/tools/bin/../lib/gcc/arm-none-eabi/8.3.1/../../../../arm-none-eabi/lib/thumb/v7e-m+fp/hard/libcr_semihost_nf.a(__sys_tmpnam.o)
                0x0000000000001e30                __sys_tmpnam
 .text.__sys_write
                0x0000000000001e3c        0xc /usr/local/mcuxpressoide-11.1.0_3209/ide/plugins/com.nxp.mcuxpresso.tools.linux_11.1.0.201909161352/tools/bin/../lib/gcc/arm-none-eabi/8.3.1/../../../../arm-none-eabi/lib/thumb/v7e-m+fp/hard/libcr_semihost_nf.a(__sys_write.o)
                0x0000000000001e3c                __sys_write
 *(SORT_BY_ALIGNMENT(.rodata) SORT_BY_ALIGNMENT(.rodata.*) SORT_BY_ALIGNMENT(.constdata) SORT_BY_ALIGNMENT(.constdata.*))
 .rodata.main.str1.4
                0x0000000000001e48       0x10 ./source/MK22FN512xxx12_Project.o
                                          0xd (size before relaxing)
 .rodata.__num_Ciob_streams
                0x0000000000001e58        0x4 /usr/local/mcuxpressoide-11.1.0_3209/ide/plugins/com.nxp.mcuxpresso.tools.linux_11.1.0.201909161352/tools/bin/../lib/gcc/arm-none-eabi/8.3.1/../../../../arm-none-eabi/lib/thumb/v7e-m+fp/hard/libcr_semihost_nf.a(__ciob.o)
                0x0000000000001e58                __num_Ciob_streams
 .rodata._initio.str1.1
                0x0000000000001e5c        0x4 /usr/local/mcuxpressoide-11.1.0_3209/ide/plugins/com.nxp.mcuxpresso.tools.linux_11.1.0.201909161352/tools/bin/../lib/gcc/arm-none-eabi/8.3.1/../../../../arm-none-eabi/lib/thumb/v7e-m+fp/hard/libcr_c.a(initio.o)
 .rodata.__vfprintf.str1.1
                0x0000000000001e60       0x37 /usr/local/mcuxpressoide-11.1.0_3209/ide/plugins/com.nxp.mcuxpresso.tools.linux_11.1.0.201909161352/tools/bin/../lib/gcc/arm-none-eabi/8.3.1/../../../../arm-none-eabi/lib/thumb/v7e-m+fp/hard/libcr_c.a(printf.o)
                                         0x38 (size before relaxing)
 .rodata._Csys_alloc.str1.1
                0x0000000000001e97       0x18 /usr/local/mcuxpressoide-11.1.0_3209/ide/plugins/com.nxp.mcuxpresso.tools.linux_11.1.0.201909161352/tools/bin/../lib/gcc/arm-none-eabi/8.3.1/../../../../arm-none-eabi/lib/thumb/v7e-m+fp/hard/libcr_c.a(alloc.o)
                0x0000000000001eb0                . = ALIGN (0x4)
 *fill*         0x0000000000001eaf        0x1 ff

.glue_7         0x0000000000001eb0        0x0
 .glue_7        0x0000000000001eb0        0x0 linker stubs

.glue_7t        0x0000000000001eb0        0x0
 .glue_7t       0x0000000000001eb0        0x0 linker stubs

.vfp11_veneer   0x0000000000001eb0        0x0
 .vfp11_veneer  0x0000000000001eb0        0x0 linker stubs

.v4_bx          0x0000000000001eb0        0x0
 .v4_bx         0x0000000000001eb0        0x0 linker stubs

.iplt           0x0000000000001eb0        0x0
 .iplt          0x0000000000001eb0        0x0 ./startup/startup_mk22f51212.o

.rel.dyn        0x0000000000001eb0        0x0
 .rel.iplt      0x0000000000001eb0        0x0 ./startup/startup_mk22f51212.o

.ARM.extab
 *(SORT_BY_ALIGNMENT(.ARM.extab*) SORT_BY_ALIGNMENT(.gnu.linkonce.armextab.*))
                0x0000000000001eb0                __exidx_start = .

.ARM.exidx
 *(SORT_BY_ALIGNMENT(.ARM.exidx*) SORT_BY_ALIGNMENT(.gnu.linkonce.armexidx.*))
                0x0000000000001eb0                __exidx_end = .
                0x0000000000001eb0                _etext = .

.m_usb_data
 *(SORT_BY_ALIGNMENT(m_usb_bdt))

.data_RAM2      0x000000001fff0000        0x0 load address 0x0000000000001eb0
 FILL mask 0xff
                [!provide]                        PROVIDE (__start_data_RAM2 = .)
                [!provide]                        PROVIDE (__start_data_SRAM_LOWER = .)
 *(SORT_BY_ALIGNMENT(.ramfunc.$RAM2))
 *(SORT_BY_ALIGNMENT(.ramfunc.$SRAM_LOWER))
 *(SORT_BY_ALIGNMENT(.data.$RAM2))
 *(SORT_BY_ALIGNMENT(.data.$SRAM_LOWER))
 *(SORT_BY_ALIGNMENT(.data.$RAM2.*))
 *(SORT_BY_ALIGNMENT(.data.$SRAM_LOWER.*))
                0x000000001fff0000                . = ALIGN (0x4)
                [!provide]                        PROVIDE (__end_data_RAM2 = .)
                [!provide]                        PROVIDE (__end_data_SRAM_LOWER = .)

.uninit_RESERVED
                0x0000000020000000        0x0
                0x0000000020000000                _start_uninit_RESERVED = .
 *(SORT_BY_ALIGNMENT(.bss.$RESERVED*))
                0x0000000020000000                . = ALIGN (0x4)
                0x0000000020000000                _end_uninit_RESERVED = .

.data           0x0000000020000000        0x4 load address 0x0000000000001eb0
 FILL mask 0xff
                0x0000000020000000                _data = .
                [!provide]                        PROVIDE (__start_data_RAM = .)
                [!provide]                        PROVIDE (__start_data_SRAM_UPPER = .)
 *(SORT_BY_ALIGNMENT(vtable))
 *(SORT_BY_ALIGNMENT(.ramfunc*))
 *(SORT_BY_ALIGNMENT(CodeQuickAccess))
 *(SORT_BY_ALIGNMENT(DataQuickAccess))
 *(SORT_BY_ALIGNMENT(RamFunction))
 *(SORT_BY_ALIGNMENT(.data*))
 .data.SystemCoreClock
                0x0000000020000000        0x4 ./device/system_MK22F51212.o
                0x0000000020000000                SystemCoreClock
                0x0000000020000004                . = ALIGN (0x4)
                0x0000000020000004                _edata = .
                [!provide]                        PROVIDE (__end_data_RAM = .)
                [!provide]                        PROVIDE (__end_data_SRAM_UPPER = .)

.igot.plt       0x0000000020000004        0x0 load address 0x0000000000001eb4
 .igot.plt      0x0000000020000004        0x0 ./startup/startup_mk22f51212.o

.bss_RAM2       0x000000001fff0000        0x0
                [!provide]                        PROVIDE (__start_bss_RAM2 = .)
                [!provide]                        PROVIDE (__start_bss_SRAM_LOWER = .)
 *(SORT_BY_ALIGNMENT(.bss.$RAM2))
 *(SORT_BY_ALIGNMENT(.bss.$SRAM_LOWER))
 *(SORT_BY_ALIGNMENT(.bss.$RAM2.*))
 *(SORT_BY_ALIGNMENT(.bss.$SRAM_LOWER.*))
                0x000000001fff0000                . = ALIGN ((. != 0x0)?0x4:0x1)
                [!provide]                        PROVIDE (__end_bss_RAM2 = .)
                [!provide]                        PROVIDE (__end_bss_SRAM_LOWER = .)

.bss            0x0000000020000004       0xc4
                0x0000000020000004                _bss = .
                [!provide]                        PROVIDE (__start_bss_RAM = .)
                [!provide]                        PROVIDE (__start_bss_SRAM_UPPER = .)
 *(SORT_BY_ALIGNMENT(.bss*))
 .bss.i.6919    0x0000000020000004        0x4 ./source/MK22FN512xxx12_Project.o
 .bss.__end_of_heap
                0x0000000020000008        0x4 /usr/local/mcuxpressoide-11.1.0_3209/ide/plugins/com.nxp.mcuxpresso.tools.linux_11.1.0.201909161352/tools/bin/../lib/gcc/arm-none-eabi/8.3.1/../../../../arm-none-eabi/lib/thumb/v7e-m+fp/hard/libcr_c.a(__init_alloc.o)
                0x0000000020000008                __end_of_heap
 .bss.__heaps   0x000000002000000c        0x4 /usr/local/mcuxpressoide-11.1.0_3209/ide/plugins/com.nxp.mcuxpresso.tools.linux_11.1.0.201909161352/tools/bin/../lib/gcc/arm-none-eabi/8.3.1/../../../../arm-none-eabi/lib/thumb/v7e-m+fp/hard/libcr_c.a(__init_alloc.o)
                0x000000002000000c                __heaps
 .bss.errno     0x0000000020000010        0x4 /usr/local/mcuxpressoide-11.1.0_3209/ide/plugins/com.nxp.mcuxpresso.tools.linux_11.1.0.201909161352/tools/bin/../lib/gcc/arm-none-eabi/8.3.1/../../../../arm-none-eabi/lib/thumb/v7e-m+fp/hard/libcr_c.a(errno.o)
                0x0000000020000010                errno
 .bss.__Ciob    0x0000000020000014       0xb4 /usr/local/mcuxpressoide-11.1.0_3209/ide/plugins/com.nxp.mcuxpresso.tools.linux_11.1.0.201909161352/tools/bin/../lib/gcc/arm-none-eabi/8.3.1/../../../../arm-none-eabi/lib/thumb/v7e-m+fp/hard/libcr_semihost_nf.a(__ciob.o)
                0x0000000020000014                __Ciob
 *(SORT_BY_ALIGNMENT(COMMON))
                0x00000000200000c8                . = ALIGN (0x4)
                0x00000000200000c8                _ebss = .
                [!provide]                        PROVIDE (__end_bss_RAM = .)
                [!provide]                        PROVIDE (__end_bss_SRAM_UPPER = .)
                [!provide]                        PROVIDE (end = .)

.noinit_RAM2    0x000000001fff0000        0x0
                [!provide]                        PROVIDE (__start_noinit_RAM2 = .)
                [!provide]                        PROVIDE (__start_noinit_SRAM_LOWER = .)
 *(SORT_BY_ALIGNMENT(.noinit.$RAM2))
 *(SORT_BY_ALIGNMENT(.noinit.$SRAM_LOWER))
 *(SORT_BY_ALIGNMENT(.noinit.$RAM2.*))
 *(SORT_BY_ALIGNMENT(.noinit.$SRAM_LOWER.*))
                0x000000001fff0000                . = ALIGN (0x4)
                [!provide]                        PROVIDE (__end_noinit_RAM2 = .)
                [!provide]                        PROVIDE (__end_noinit_SRAM_LOWER = .)

.noinit         0x00000000200000c8        0x0
                0x00000000200000c8                _noinit = .
                [!provide]                        PROVIDE (__start_noinit_RAM = .)
                [!provide]                        PROVIDE (__start_noinit_SRAM_UPPER = .)
 *(SORT_BY_ALIGNMENT(.noinit*))
                0x00000000200000c8                . = ALIGN (0x4)
                0x00000000200000c8                _end_noinit = .
                [!provide]                        PROVIDE (__end_noinit_RAM = .)
                [!provide]                        PROVIDE (__end_noinit_SRAM_UPPER = .)
                0x0000000000001000                _HeapSize = 0x1000

.heap           0x00000000200000c8     0x1000
                0x00000000200000c8                _pvHeapStart = .
                0x00000000200010c8                . = (. + _HeapSize)
 *fill*         0x00000000200000c8     0x1000 
                0x00000000200010c8                . = ALIGN (0x4)
                0x00000000200010c8                _pvHeapLimit = .
                0x0000000000001000                _StackSize = 0x1000

.heap2stackfill
                0x00000000200010c8     0x1000
                0x00000000200020c8                . = (. + _StackSize)
 *fill*         0x00000000200010c8     0x1000 

.stack          0x000000002000f000        0x0
                0x000000002000f000                _vStackBase = .
                0x000000002000f000                . = ALIGN (0x4)
                0x0000000020010000                _vStackTop = (. + _StackSize)
                0x0000000000000000                _image_start = LOADADDR (.text)
                0x0000000000001eb4                _image_end = (LOADADDR (.data) + SIZEOF (.data))
                0x0000000000001eb4                _image_size = (_image_end - _image_start)
OUTPUT(MK22FN512xxx12_Project.axf elf32-littlearm)

.debug_info     0x0000000000000000     0x1299
 .debug_info    0x0000000000000000      0x84a ./startup/startup_mk22f51212.o
 .debug_info    0x000000000000084a      0x21b ./source/MK22FN512xxx12_Project.o
 .debug_info    0x0000000000000a65       0x3c ./source/semihost_hardfault.o
 .debug_info    0x0000000000000aa1      0x690 ./device/system_MK22F51212.o
 .debug_info    0x0000000000001131       0xf0 ./board/clock_config.o
 .debug_info    0x0000000000001221       0x3c ./board/peripherals.o
 .debug_info    0x000000000000125d       0x3c ./board/pin_mux.o

.debug_abbrev   0x0000000000000000      0x4fd
 .debug_abbrev  0x0000000000000000      0x17a ./startup/startup_mk22f51212.o
 .debug_abbrev  0x000000000000017a       0xdf ./source/MK22FN512xxx12_Project.o
 .debug_abbrev  0x0000000000000259       0x31 ./source/semihost_hardfault.o
 .debug_abbrev  0x000000000000028a      0x170 ./device/system_MK22F51212.o
 .debug_abbrev  0x00000000000003fa       0xa1 ./board/clock_config.o
 .debug_abbrev  0x000000000000049b       0x31 ./board/peripherals.o
 .debug_abbrev  0x00000000000004cc       0x31 ./board/pin_mux.o

.debug_aranges  0x0000000000000000      0x3a0
 .debug_aranges
                0x0000000000000000      0x2d0 ./startup/startup_mk22f51212.o
 .debug_aranges
                0x00000000000002d0       0x20 ./source/MK22FN512xxx12_Project.o
 .debug_aranges
                0x00000000000002f0       0x20 ./source/semihost_hardfault.o
 .debug_aranges
                0x0000000000000310       0x30 ./device/system_MK22F51212.o
 .debug_aranges
                0x0000000000000340       0x20 ./board/clock_config.o
 .debug_aranges
                0x0000000000000360       0x20 ./board/peripherals.o
 .debug_aranges
                0x0000000000000380       0x20 ./board/pin_mux.o

.debug_ranges   0x0000000000000000      0x330
 .debug_ranges  0x0000000000000000      0x2c0 ./startup/startup_mk22f51212.o
 .debug_ranges  0x00000000000002c0       0x10 ./source/MK22FN512xxx12_Project.o
 .debug_ranges  0x00000000000002d0       0x10 ./source/semihost_hardfault.o
 .debug_ranges  0x00000000000002e0       0x20 ./device/system_MK22F51212.o
 .debug_ranges  0x0000000000000300       0x10 ./board/clock_config.o
 .debug_ranges  0x0000000000000310       0x10 ./board/peripherals.o
 .debug_ranges  0x0000000000000320       0x10 ./board/pin_mux.o

.debug_macro    0x0000000000000000     0xc7d0
 .debug_macro   0x0000000000000000       0x29 ./startup/startup_mk22f51212.o
 .debug_macro   0x0000000000000029      0xad8 ./startup/startup_mk22f51212.o
 .debug_macro   0x0000000000000b01       0xc0 ./source/MK22FN512xxx12_Project.o
 .debug_macro   0x0000000000000bc1       0x10 ./source/MK22FN512xxx12_Project.o
 .debug_macro   0x0000000000000bd1      0x12e ./source/MK22FN512xxx12_Project.o
 .debug_macro   0x0000000000000cff       0xd8 ./source/MK22FN512xxx12_Project.o
 .debug_macro   0x0000000000000dd7       0x10 ./source/MK22FN512xxx12_Project.o
 .debug_macro   0x0000000000000de7       0x57 ./source/MK22FN512xxx12_Project.o
 .debug_macro   0x0000000000000e3e      0x5b3 ./source/MK22FN512xxx12_Project.o
 .debug_macro   0x00000000000013f1       0x1c ./source/MK22FN512xxx12_Project.o
 .debug_macro   0x000000000000140d       0x22 ./source/MK22FN512xxx12_Project.o
 .debug_macro   0x000000000000142f       0xd8 ./source/MK22FN512xxx12_Project.o
 .debug_macro   0x0000000000001507      0xeeb ./source/MK22FN512xxx12_Project.o
 .debug_macro   0x00000000000023f2       0x40 ./source/MK22FN512xxx12_Project.o
 .debug_macro   0x0000000000002432     0x8fa0 ./source/MK22FN512xxx12_Project.o
 .debug_macro   0x000000000000b3d2       0x11 ./source/semihost_hardfault.o
 .debug_macro   0x000000000000b3e3       0x98 ./device/system_MK22F51212.o
 .debug_macro   0x000000000000b47b       0x10 ./device/system_MK22F51212.o
 .debug_macro   0x000000000000b48b     0x127f ./device/system_MK22F51212.o
 .debug_macro   0x000000000000c70a       0x90 ./board/clock_config.o
 .debug_macro   0x000000000000c79a       0x1b ./board/peripherals.o
 .debug_macro   0x000000000000c7b5       0x1b ./board/pin_mux.o

.debug_line     0x0000000000000000     0x1279
 .debug_line    0x0000000000000000      0x7f1 ./startup/startup_mk22f51212.o
 .debug_line    0x00000000000007f1      0x310 ./source/MK22FN512xxx12_Project.o
 .debug_line    0x0000000000000b01       0x5a ./source/semihost_hardfault.o
 .debug_line    0x0000000000000b5b      0x3ef ./device/system_MK22F51212.o
 .debug_line    0x0000000000000f4a      0x27f ./board/clock_config.o
 .debug_line    0x00000000000011c9       0x5c ./board/peripherals.o
 .debug_line    0x0000000000001225       0x54 ./board/pin_mux.o

.debug_str      0x0000000000000000    0x5287f
 .debug_str     0x0000000000000000     0x35c9 ./startup/startup_mk22f51212.o
                                       0x3621 (size before relaxing)
 .debug_str     0x00000000000035c9    0x4827a ./source/MK22FN512xxx12_Project.o
                                      0x4b1ae (size before relaxing)
 .debug_str     0x000000000004b843       0x1f ./source/semihost_hardfault.o
                                       0x2ebd (size before relaxing)
 .debug_str     0x000000000004b862     0x6f99 ./device/system_MK22F51212.o
                                      0x51d61 (size before relaxing)
 .debug_str     0x00000000000527fb       0x2d ./board/clock_config.o
                                      0x4ae07 (size before relaxing)
 .debug_str     0x0000000000052828       0x31 ./board/peripherals.o
                                       0x2ece (size before relaxing)
 .debug_str     0x0000000000052859       0x26 ./board/pin_mux.o
                                       0x2ebf (size before relaxing)

.comment        0x0000000000000000       0x76
 .comment       0x0000000000000000       0x76 ./startup/startup_mk22f51212.o
                                         0x77 (size before relaxing)
 .comment       0x0000000000000076       0x77 ./source/MK22FN512xxx12_Project.o
 .comment       0x0000000000000076       0x77 ./source/semihost_hardfault.o
 .comment       0x0000000000000076       0x77 ./device/system_MK22F51212.o
 .comment       0x0000000000000076       0x77 ./board/clock_config.o
 .comment       0x0000000000000076       0x77 ./board/peripherals.o
 .comment       0x0000000000000076       0x77 ./board/pin_mux.o
 .comment       0x0000000000000076       0x77 /usr/local/mcuxpressoide-11.1.0_3209/ide/plugins/com.nxp.mcuxpresso.tools.linux_11.1.0.201909161352/tools/bin/../lib/gcc/arm-none-eabi/8.3.1/../../../../arm-none-eabi/lib/thumb/v7e-m+fp/hard/libcr_semihost_nf.a(_cr__main.o)
 .comment       0x0000000000000076       0x77 /usr/local/mcuxpressoide-11.1.0_3209/ide/plugins/com.nxp.mcuxpresso.tools.linux_11.1.0.201909161352/tools/bin/../lib/gcc/arm-none-eabi/8.3.1/../../../../arm-none-eabi/lib/thumb/v7e-m+fp/hard/libcr_c.a(initio.o)
 .comment       0x0000000000000076       0x77 /usr/local/mcuxpressoide-11.1.0_3209/ide/plugins/com.nxp.mcuxpresso.tools.linux_11.1.0.201909161352/tools/bin/../lib/gcc/arm-none-eabi/8.3.1/../../../../arm-none-eabi/lib/thumb/v7e-m+fp/hard/libcr_c.a(printf.o)
 .comment       0x0000000000000076       0x77 /usr/local/mcuxpressoide-11.1.0_3209/ide/plugins/com.nxp.mcuxpresso.tools.linux_11.1.0.201909161352/tools/bin/../lib/gcc/arm-none-eabi/8.3.1/../../../../arm-none-eabi/lib/thumb/v7e-m+fp/hard/libcr_c.a(setvbuf.o)
 .comment       0x0000000000000076       0x77 /usr/local/mcuxpressoide-11.1.0_3209/ide/plugins/com.nxp.mcuxpresso.tools.linux_11.1.0.201909161352/tools/bin/../lib/gcc/arm-none-eabi/8.3.1/../../../../arm-none-eabi/lib/thumb/v7e-m+fp/hard/libcr_c.a(strlen.o)
 .comment       0x0000000000000076       0x77 /usr/local/mcuxpressoide-11.1.0_3209/ide/plugins/com.nxp.mcuxpresso.tools.linux_11.1.0.201909161352/tools/bin/../lib/gcc/arm-none-eabi/8.3.1/../../../../arm-none-eabi/lib/thumb/v7e-m+fp/hard/libcr_c.a(memset.o)
 .comment       0x0000000000000076       0x77 /usr/local/mcuxpressoide-11.1.0_3209/ide/plugins/com.nxp.mcuxpresso.tools.linux_11.1.0.201909161352/tools/bin/../lib/gcc/arm-none-eabi/8.3.1/../../../../arm-none-eabi/lib/thumb/v7e-m+fp/hard/libcr_c.a(_deferredlazyseek.o)
 .comment       0x0000000000000076       0x77 /usr/local/mcuxpressoide-11.1.0_3209/ide/plugins/com.nxp.mcuxpresso.tools.linux_11.1.0.201909161352/tools/bin/../lib/gcc/arm-none-eabi/8.3.1/../../../../arm-none-eabi/lib/thumb/v7e-m+fp/hard/libcr_c.a(_fdopen.o)
 .comment       0x0000000000000076       0x77 /usr/local/mcuxpressoide-11.1.0_3209/ide/plugins/com.nxp.mcuxpresso.tools.linux_11.1.0.201909161352/tools/bin/../lib/gcc/arm-none-eabi/8.3.1/../../../../arm-none-eabi/lib/thumb/v7e-m+fp/hard/libcr_c.a(_fflush.o)
 .comment       0x0000000000000076       0x77 /usr/local/mcuxpressoide-11.1.0_3209/ide/plugins/com.nxp.mcuxpresso.tools.linux_11.1.0.201909161352/tools/bin/../lib/gcc/arm-none-eabi/8.3.1/../../../../arm-none-eabi/lib/thumb/v7e-m+fp/hard/libcr_c.a(_writebuf.o)
 .comment       0x0000000000000076       0x77 /usr/local/mcuxpressoide-11.1.0_3209/ide/plugins/com.nxp.mcuxpresso.tools.linux_11.1.0.201909161352/tools/bin/../lib/gcc/arm-none-eabi/8.3.1/../../../../arm-none-eabi/lib/thumb/v7e-m+fp/hard/libcr_c.a(alloc.o)
 .comment       0x0000000000000076       0x77 /usr/local/mcuxpressoide-11.1.0_3209/ide/plugins/com.nxp.mcuxpresso.tools.linux_11.1.0.201909161352/tools/bin/../lib/gcc/arm-none-eabi/8.3.1/../../../../arm-none-eabi/lib/thumb/v7e-m+fp/hard/libcr_c.a(fclose.o)
 .comment       0x0000000000000076       0x77 /usr/local/mcuxpressoide-11.1.0_3209/ide/plugins/com.nxp.mcuxpresso.tools.linux_11.1.0.201909161352/tools/bin/../lib/gcc/arm-none-eabi/8.3.1/../../../../arm-none-eabi/lib/thumb/v7e-m+fp/hard/libcr_c.a(fflush.o)
 .comment       0x0000000000000076       0x77 /usr/local/mcuxpressoide-11.1.0_3209/ide/plugins/com.nxp.mcuxpresso.tools.linux_11.1.0.201909161352/tools/bin/../lib/gcc/arm-none-eabi/8.3.1/../../../../arm-none-eabi/lib/thumb/v7e-m+fp/hard/libcr_c.a(fseek.o)
 .comment       0x0000000000000076       0x77 /usr/local/mcuxpressoide-11.1.0_3209/ide/plugins/com.nxp.mcuxpresso.tools.linux_11.1.0.201909161352/tools/bin/../lib/gcc/arm-none-eabi/8.3.1/../../../../arm-none-eabi/lib/thumb/v7e-m+fp/hard/libcr_c.a(ftell.o)
 .comment       0x0000000000000076       0x77 /usr/local/mcuxpressoide-11.1.0_3209/ide/plugins/com.nxp.mcuxpresso.tools.linux_11.1.0.201909161352/tools/bin/../lib/gcc/arm-none-eabi/8.3.1/../../../../arm-none-eabi/lib/thumb/v7e-m+fp/hard/libcr_c.a(remove.o)
 .comment       0x0000000000000076       0x77 /usr/local/mcuxpressoide-11.1.0_3209/ide/plugins/com.nxp.mcuxpresso.tools.linux_11.1.0.201909161352/tools/bin/../lib/gcc/arm-none-eabi/8.3.1/../../../../arm-none-eabi/lib/thumb/v7e-m+fp/hard/libcr_c.a(__init_alloc.o)
 .comment       0x0000000000000076       0x77 /usr/local/mcuxpressoide-11.1.0_3209/ide/plugins/com.nxp.mcuxpresso.tools.linux_11.1.0.201909161352/tools/bin/../lib/gcc/arm-none-eabi/8.3.1/../../../../arm-none-eabi/lib/thumb/v7e-m+fp/hard/libcr_c.a(_cr_sbrk.o)
 .comment       0x0000000000000076       0x77 /usr/local/mcuxpressoide-11.1.0_3209/ide/plugins/com.nxp.mcuxpresso.tools.linux_11.1.0.201909161352/tools/bin/../lib/gcc/arm-none-eabi/8.3.1/../../../../arm-none-eabi/lib/thumb/v7e-m+fp/hard/libcr_c.a(_do_fflush.o)
 .comment       0x0000000000000076       0x77 /usr/local/mcuxpressoide-11.1.0_3209/ide/plugins/com.nxp.mcuxpresso.tools.linux_11.1.0.201909161352/tools/bin/../lib/gcc/arm-none-eabi/8.3.1/../../../../arm-none-eabi/lib/thumb/v7e-m+fp/hard/libcr_c.a(errno.o)
 .comment       0x0000000000000076       0x77 /usr/local/mcuxpressoide-11.1.0_3209/ide/plugins/com.nxp.mcuxpresso.tools.linux_11.1.0.201909161352/tools/bin/../lib/gcc/arm-none-eabi/8.3.1/../../../../arm-none-eabi/lib/thumb/v7e-m+fp/hard/libcr_c.a(_cr_check_heap.o)
 .comment       0x0000000000000076       0x77 /usr/local/mcuxpressoide-11.1.0_3209/ide/plugins/com.nxp.mcuxpresso.tools.linux_11.1.0.201909161352/tools/bin/../lib/gcc/arm-none-eabi/8.3.1/../../../../arm-none-eabi/lib/thumb/v7e-m+fp/hard/libcr_semihost_nf.a(__ciob.o)

.ARM.attributes
                0x0000000000000000       0x32
 .ARM.attributes
                0x0000000000000000       0x34 ./startup/startup_mk22f51212.o
 .ARM.attributes
                0x0000000000000034       0x34 ./source/MK22FN512xxx12_Project.o
 .ARM.attributes
                0x0000000000000068       0x34 ./source/semihost_hardfault.o
 .ARM.attributes
                0x000000000000009c       0x34 ./device/system_MK22F51212.o
 .ARM.attributes
                0x00000000000000d0       0x34 ./board/clock_config.o
 .ARM.attributes
                0x0000000000000104       0x34 ./board/peripherals.o
 .ARM.attributes
                0x0000000000000138       0x34 ./board/pin_mux.o
 .ARM.attributes
                0x000000000000016c       0x34 /usr/local/mcuxpressoide-11.1.0_3209/ide/plugins/com.nxp.mcuxpresso.tools.linux_11.1.0.201909161352/tools/bin/../lib/gcc/arm-none-eabi/8.3.1/../../../../arm-none-eabi/lib/thumb/v7e-m+fp/hard/libcr_semihost_nf.a(_cr__main.o)
 .ARM.attributes
                0x00000000000001a0       0x34 /usr/local/mcuxpressoide-11.1.0_3209/ide/plugins/com.nxp.mcuxpresso.tools.linux_11.1.0.201909161352/tools/bin/../lib/gcc/arm-none-eabi/8.3.1/../../../../arm-none-eabi/lib/thumb/v7e-m+fp/hard/libcr_c.a(initio.o)
 .ARM.attributes
                0x00000000000001d4       0x34 /usr/local/mcuxpressoide-11.1.0_3209/ide/plugins/com.nxp.mcuxpresso.tools.linux_11.1.0.201909161352/tools/bin/../lib/gcc/arm-none-eabi/8.3.1/../../../../arm-none-eabi/lib/thumb/v7e-m+fp/hard/libcr_c.a(printf.o)
 .ARM.attributes
                0x0000000000000208       0x34 /usr/local/mcuxpressoide-11.1.0_3209/ide/plugins/com.nxp.mcuxpresso.tools.linux_11.1.0.201909161352/tools/bin/../lib/gcc/arm-none-eabi/8.3.1/../../../../arm-none-eabi/lib/thumb/v7e-m+fp/hard/libcr_c.a(setvbuf.o)
 .ARM.attributes
                0x000000000000023c       0x34 /usr/local/mcuxpressoide-11.1.0_3209/ide/plugins/com.nxp.mcuxpresso.tools.linux_11.1.0.201909161352/tools/bin/../lib/gcc/arm-none-eabi/8.3.1/../../../../arm-none-eabi/lib/thumb/v7e-m+fp/hard/libcr_c.a(strlen.o)
 .ARM.attributes
                0x0000000000000270       0x34 /usr/local/mcuxpressoide-11.1.0_3209/ide/plugins/com.nxp.mcuxpresso.tools.linux_11.1.0.201909161352/tools/bin/../lib/gcc/arm-none-eabi/8.3.1/../../../../arm-none-eabi/lib/thumb/v7e-m+fp/hard/libcr_c.a(memset.o)
 .ARM.attributes
                0x00000000000002a4       0x34 /usr/local/mcuxpressoide-11.1.0_3209/ide/plugins/com.nxp.mcuxpresso.tools.linux_11.1.0.201909161352/tools/bin/../lib/gcc/arm-none-eabi/8.3.1/../../../../arm-none-eabi/lib/thumb/v7e-m+fp/hard/libcr_c.a(_deferredlazyseek.o)
 .ARM.attributes
                0x00000000000002d8       0x34 /usr/local/mcuxpressoide-11.1.0_3209/ide/plugins/com.nxp.mcuxpresso.tools.linux_11.1.0.201909161352/tools/bin/../lib/gcc/arm-none-eabi/8.3.1/../../../../arm-none-eabi/lib/thumb/v7e-m+fp/hard/libcr_c.a(_fdopen.o)
 .ARM.attributes
                0x000000000000030c       0x34 /usr/local/mcuxpressoide-11.1.0_3209/ide/plugins/com.nxp.mcuxpresso.tools.linux_11.1.0.201909161352/tools/bin/../lib/gcc/arm-none-eabi/8.3.1/../../../../arm-none-eabi/lib/thumb/v7e-m+fp/hard/libcr_c.a(_fflush.o)
 .ARM.attributes
                0x0000000000000340       0x34 /usr/local/mcuxpressoide-11.1.0_3209/ide/plugins/com.nxp.mcuxpresso.tools.linux_11.1.0.201909161352/tools/bin/../lib/gcc/arm-none-eabi/8.3.1/../../../../arm-none-eabi/lib/thumb/v7e-m+fp/hard/libcr_c.a(_writebuf.o)
 .ARM.attributes
                0x0000000000000374       0x34 /usr/local/mcuxpressoide-11.1.0_3209/ide/plugins/com.nxp.mcuxpresso.tools.linux_11.1.0.201909161352/tools/bin/../lib/gcc/arm-none-eabi/8.3.1/../../../../arm-none-eabi/lib/thumb/v7e-m+fp/hard/libcr_c.a(alloc.o)
 .ARM.attributes
                0x00000000000003a8       0x34 /usr/local/mcuxpressoide-11.1.0_3209/ide/plugins/com.nxp.mcuxpresso.tools.linux_11.1.0.201909161352/tools/bin/../lib/gcc/arm-none-eabi/8.3.1/../../../../arm-none-eabi/lib/thumb/v7e-m+fp/hard/libcr_c.a(fclose.o)
 .ARM.attributes
                0x00000000000003dc       0x34 /usr/local/mcuxpressoide-11.1.0_3209/ide/plugins/com.nxp.mcuxpresso.tools.linux_11.1.0.201909161352/tools/bin/../lib/gcc/arm-none-eabi/8.3.1/../../../../arm-none-eabi/lib/thumb/v7e-m+fp/hard/libcr_c.a(fflush.o)
 .ARM.attributes
                0x0000000000000410       0x34 /usr/local/mcuxpressoide-11.1.0_3209/ide/plugins/com.nxp.mcuxpresso.tools.linux_11.1.0.201909161352/tools/bin/../lib/gcc/arm-none-eabi/8.3.1/../../../../arm-none-eabi/lib/thumb/v7e-m+fp/hard/libcr_c.a(fseek.o)
 .ARM.attributes
                0x0000000000000444       0x34 /usr/local/mcuxpressoide-11.1.0_3209/ide/plugins/com.nxp.mcuxpresso.tools.linux_11.1.0.201909161352/tools/bin/../lib/gcc/arm-none-eabi/8.3.1/../../../../arm-none-eabi/lib/thumb/v7e-m+fp/hard/libcr_c.a(ftell.o)
 .ARM.attributes
                0x0000000000000478       0x34 /usr/local/mcuxpressoide-11.1.0_3209/ide/plugins/com.nxp.mcuxpresso.tools.linux_11.1.0.201909161352/tools/bin/../lib/gcc/arm-none-eabi/8.3.1/../../../../arm-none-eabi/lib/thumb/v7e-m+fp/hard/libcr_c.a(remove.o)
 .ARM.attributes
                0x00000000000004ac       0x34 /usr/local/mcuxpressoide-11.1.0_3209/ide/plugins/com.nxp.mcuxpresso.tools.linux_11.1.0.201909161352/tools/bin/../lib/gcc/arm-none-eabi/8.3.1/../../../../arm-none-eabi/lib/thumb/v7e-m+fp/hard/libcr_c.a(__init_alloc.o)
 .ARM.attributes
                0x00000000000004e0       0x34 /usr/local/mcuxpressoide-11.1.0_3209/ide/plugins/com.nxp.mcuxpresso.tools.linux_11.1.0.201909161352/tools/bin/../lib/gcc/arm-none-eabi/8.3.1/../../../../arm-none-eabi/lib/thumb/v7e-m+fp/hard/libcr_c.a(_cr_sbrk.o)
 .ARM.attributes
                0x0000000000000514       0x34 /usr/local/mcuxpressoide-11.1.0_3209/ide/plugins/com.nxp.mcuxpresso.tools.linux_11.1.0.201909161352/tools/bin/../lib/gcc/arm-none-eabi/8.3.1/../../../../arm-none-eabi/lib/thumb/v7e-m+fp/hard/libcr_c.a(_do_fflush.o)
 .ARM.attributes
                0x0000000000000548       0x39 /usr/local/mcuxpressoide-11.1.0_3209/ide/plugins/com.nxp.mcuxpresso.tools.linux_11.1.0.201909161352/tools/bin/../lib/gcc/arm-none-eabi/8.3.1/../../../../arm-none-eabi/lib/thumb/v7e-m+fp/hard/libcr_c.a(errno.o)
 .ARM.attributes
                0x0000000000000581       0x34 /usr/local/mcuxpressoide-11.1.0_3209/ide/plugins/com.nxp.mcuxpresso.tools.linux_11.1.0.201909161352/tools/bin/../lib/gcc/arm-none-eabi/8.3.1/../../../../arm-none-eabi/lib/thumb/v7e-m+fp/hard/libcr_c.a(_cr_check_heap.o)
 .ARM.attributes
                0x00000000000005b5       0x20 /usr/local/mcuxpressoide-11.1.0_3209/ide/plugins/com.nxp.mcuxpresso.tools.linux_11.1.0.201909161352/tools/bin/../lib/gcc/arm-none-eabi/8.3.1/thumb/v7e-m+fp/hard/libcr_eabihelpers.a(memcpy.o)
 .ARM.attributes
                0x00000000000005d5       0x39 /usr/local/mcuxpressoide-11.1.0_3209/ide/plugins/com.nxp.mcuxpresso.tools.linux_11.1.0.201909161352/tools/bin/../lib/gcc/arm-none-eabi/8.3.1/../../../../arm-none-eabi/lib/thumb/v7e-m+fp/hard/libcr_semihost_nf.a(__ciob.o)
 .ARM.attributes
                0x000000000000060e       0x20 /usr/local/mcuxpressoide-11.1.0_3209/ide/plugins/com.nxp.mcuxpresso.tools.linux_11.1.0.201909161352/tools/bin/../lib/gcc/arm-none-eabi/8.3.1/../../../../arm-none-eabi/lib/thumb/v7e-m+fp/hard/libcr_semihost_nf.a(__sys_appexit.o)
 .ARM.attributes
                0x000000000000062e       0x20 /usr/local/mcuxpressoide-11.1.0_3209/ide/plugins/com.nxp.mcuxpresso.tools.linux_11.1.0.201909161352/tools/bin/../lib/gcc/arm-none-eabi/8.3.1/../../../../arm-none-eabi/lib/thumb/v7e-m+fp/hard/libcr_semihost_nf.a(__sys_close.o)
 .ARM.attributes
                0x000000000000064e       0x20 /usr/local/mcuxpressoide-11.1.0_3209/ide/plugins/com.nxp.mcuxpresso.tools.linux_11.1.0.201909161352/tools/bin/../lib/gcc/arm-none-eabi/8.3.1/../../../../arm-none-eabi/lib/thumb/v7e-m+fp/hard/libcr_semihost_nf.a(__sys_flen.o)
 .ARM.attributes
                0x000000000000066e       0x20 /usr/local/mcuxpressoide-11.1.0_3209/ide/plugins/com.nxp.mcuxpresso.tools.linux_11.1.0.201909161352/tools/bin/../lib/gcc/arm-none-eabi/8.3.1/../../../../arm-none-eabi/lib/thumb/v7e-m+fp/hard/libcr_semihost_nf.a(__sys_istty.o)
 .ARM.attributes
                0x000000000000068e       0x20 /usr/local/mcuxpressoide-11.1.0_3209/ide/plugins/com.nxp.mcuxpresso.tools.linux_11.1.0.201909161352/tools/bin/../lib/gcc/arm-none-eabi/8.3.1/../../../../arm-none-eabi/lib/thumb/v7e-m+fp/hard/libcr_semihost_nf.a(__sys_remove.o)
 .ARM.attributes
                0x00000000000006ae       0x20 /usr/local/mcuxpressoide-11.1.0_3209/ide/plugins/com.nxp.mcuxpresso.tools.linux_11.1.0.201909161352/tools/bin/../lib/gcc/arm-none-eabi/8.3.1/../../../../arm-none-eabi/lib/thumb/v7e-m+fp/hard/libcr_semihost_nf.a(__sys_seek.o)
 .ARM.attributes
                0x00000000000006ce       0x20 /usr/local/mcuxpressoide-11.1.0_3209/ide/plugins/com.nxp.mcuxpresso.tools.linux_11.1.0.201909161352/tools/bin/../lib/gcc/arm-none-eabi/8.3.1/../../../../arm-none-eabi/lib/thumb/v7e-m+fp/hard/libcr_semihost_nf.a(__sys_tmpnam.o)
 .ARM.attributes
                0x00000000000006ee       0x20 /usr/local/mcuxpressoide-11.1.0_3209/ide/plugins/com.nxp.mcuxpresso.tools.linux_11.1.0.201909161352/tools/bin/../lib/gcc/arm-none-eabi/8.3.1/../../../../arm-none-eabi/lib/thumb/v7e-m+fp/hard/libcr_semihost_nf.a(__sys_write.o)

.debug_frame    0x0000000000000000      0x930
 .debug_frame   0x0000000000000000      0x7e4 ./startup/startup_mk22f51212.o
 .debug_frame   0x00000000000007e4       0x2c ./source/MK22FN512xxx12_Project.o
 .debug_frame   0x0000000000000810       0x20 ./source/semihost_hardfault.o
 .debug_frame   0x0000000000000830       0x74 ./device/system_MK22F51212.o
 .debug_frame   0x00000000000008a4       0x2c ./board/clock_config.o
 .debug_frame   0x00000000000008d0       0x30 ./board/peripherals.o
 .debug_frame   0x0000000000000900       0x30 ./board/pin_mux.o

Cross Reference Table

Symbol                                            File
ADC0_DriverIRQHandler                             ./startup/startup_mk22f51212.o
ADC0_IRQHandler                                   ./startup/startup_mk22f51212.o
ADC1_DriverIRQHandler                             ./startup/startup_mk22f51212.o
ADC1_IRQHandler                                   ./startup/startup_mk22f51212.o
BOARD_InitBootClocks                              ./board/clock_config.o
                                                  ./source/MK22FN512xxx12_Project.o
BOARD_InitBootPeripherals                         ./board/peripherals.o
                                                  ./source/MK22FN512xxx12_Project.o
BOARD_InitBootPins                                ./board/pin_mux.o
                                                  ./source/MK22FN512xxx12_Project.o
BOARD_InitDebugConsole                            ./board/board.o
BusFault_Handler                                  ./startup/startup_mk22f51212.o
CMP0_DriverIRQHandler                             ./startup/startup_mk22f51212.o
CMP0_IRQHandler                                   ./startup/startup_mk22f51212.o
CMP1_DriverIRQHandler                             ./startup/startup_mk22f51212.o
CMP1_IRQHandler                                   ./startup/startup_mk22f51212.o
DAC0_DriverIRQHandler                             ./startup/startup_mk22f51212.o
DAC0_IRQHandler                                   ./startup/startup_mk22f51212.o
DAC1_DriverIRQHandler                             ./startup/startup_mk22f51212.o
DAC1_IRQHandler                                   ./startup/startup_mk22f51212.o
DMA0_DriverIRQHandler                             ./startup/startup_mk22f51212.o
DMA0_IRQHandler                                   ./startup/startup_mk22f51212.o
DMA10_DriverIRQHandler                            ./startup/startup_mk22f51212.o
DMA10_IRQHandler                                  ./startup/startup_mk22f51212.o
DMA11_DriverIRQHandler                            ./startup/startup_mk22f51212.o
DMA11_IRQHandler                                  ./startup/startup_mk22f51212.o
DMA12_DriverIRQHandler                            ./startup/startup_mk22f51212.o
DMA12_IRQHandler                                  ./startup/startup_mk22f51212.o
DMA13_DriverIRQHandler                            ./startup/startup_mk22f51212.o
DMA13_IRQHandler                                  ./startup/startup_mk22f51212.o
DMA14_DriverIRQHandler                            ./startup/startup_mk22f51212.o
DMA14_IRQHandler                                  ./startup/startup_mk22f51212.o
DMA15_DriverIRQHandler                            ./startup/startup_mk22f51212.o
DMA15_IRQHandler                                  ./startup/startup_mk22f51212.o
DMA1_DriverIRQHandler                             ./startup/startup_mk22f51212.o
DMA1_IRQHandler                                   ./startup/startup_mk22f51212.o
DMA2_DriverIRQHandler                             ./startup/startup_mk22f51212.o
DMA2_IRQHandler                                   ./startup/startup_mk22f51212.o
DMA3_DriverIRQHandler                             ./startup/startup_mk22f51212.o
DMA3_IRQHandler                                   ./startup/startup_mk22f51212.o
DMA4_DriverIRQHandler                             ./startup/startup_mk22f51212.o
DMA4_IRQHandler                                   ./startup/startup_mk22f51212.o
DMA5_DriverIRQHandler                             ./startup/startup_mk22f51212.o
DMA5_IRQHandler                                   ./startup/startup_mk22f51212.o
DMA6_DriverIRQHandler                             ./startup/startup_mk22f51212.o
DMA6_IRQHandler                                   ./startup/startup_mk22f51212.o
DMA7_DriverIRQHandler                             ./startup/startup_mk22f51212.o
DMA7_IRQHandler                                   ./startup/startup_mk22f51212.o
DMA8_DriverIRQHandler                             ./startup/startup_mk22f51212.o
DMA8_IRQHandler                                   ./startup/startup_mk22f51212.o
DMA9_DriverIRQHandler                             ./startup/startup_mk22f51212.o
DMA9_IRQHandler                                   ./startup/startup_mk22f51212.o
DMA_Error_DriverIRQHandler                        ./startup/startup_mk22f51212.o
DMA_Error_IRQHandler                              ./startup/startup_mk22f51212.o
DebugMon_Handler                                  ./startup/startup_mk22f51212.o
FTF_DriverIRQHandler                              ./startup/startup_mk22f51212.o
FTF_IRQHandler                                    ./startup/startup_mk22f51212.o
FTM0_DriverIRQHandler                             ./startup/startup_mk22f51212.o
FTM0_IRQHandler                                   ./startup/startup_mk22f51212.o
FTM1_DriverIRQHandler                             ./startup/startup_mk22f51212.o
FTM1_IRQHandler                                   ./startup/startup_mk22f51212.o
FTM2_DriverIRQHandler                             ./startup/startup_mk22f51212.o
FTM2_IRQHandler                                   ./startup/startup_mk22f51212.o
FTM3_DriverIRQHandler                             ./startup/startup_mk22f51212.o
FTM3_IRQHandler                                   ./startup/startup_mk22f51212.o
Flash_Config                                      ./startup/startup_mk22f51212.o
HardFault_Handler                                 ./source/semihost_hardfault.o
                                                  ./startup/startup_mk22f51212.o
I2C0_DriverIRQHandler                             ./startup/startup_mk22f51212.o
I2C0_IRQHandler                                   ./startup/startup_mk22f51212.o
I2C1_DriverIRQHandler                             ./startup/startup_mk22f51212.o
I2C1_IRQHandler                                   ./startup/startup_mk22f51212.o
I2S0_Rx_DriverIRQHandler                          ./startup/startup_mk22f51212.o
I2S0_Rx_IRQHandler                                ./startup/startup_mk22f51212.o
I2S0_Tx_DriverIRQHandler                          ./startup/startup_mk22f51212.o
I2S0_Tx_IRQHandler                                ./startup/startup_mk22f51212.o
IntDefaultHandler                                 ./startup/startup_mk22f51212.o
LLWU_DriverIRQHandler                             ./startup/startup_mk22f51212.o
LLWU_IRQHandler                                   ./startup/startup_mk22f51212.o
LPTMR0_DriverIRQHandler                           ./startup/startup_mk22f51212.o
LPTMR0_IRQHandler                                 ./startup/startup_mk22f51212.o
LPUART0_DriverIRQHandler                          ./startup/startup_mk22f51212.o
LPUART0_IRQHandler                                ./startup/startup_mk22f51212.o
LVD_LVW_DriverIRQHandler                          ./startup/startup_mk22f51212.o
LVD_LVW_IRQHandler                                ./startup/startup_mk22f51212.o
MCG_DriverIRQHandler                              ./startup/startup_mk22f51212.o
MCG_IRQHandler                                    ./startup/startup_mk22f51212.o
MCM_DriverIRQHandler                              ./startup/startup_mk22f51212.o
MCM_IRQHandler                                    ./startup/startup_mk22f51212.o
MemManage_Handler                                 ./startup/startup_mk22f51212.o
NMI_Handler                                       ./startup/startup_mk22f51212.o
PDB0_DriverIRQHandler                             ./startup/startup_mk22f51212.o
PDB0_IRQHandler                                   ./startup/startup_mk22f51212.o
PIT0_DriverIRQHandler                             ./startup/startup_mk22f51212.o
PIT0_IRQHandler                                   ./startup/startup_mk22f51212.o
PIT1_DriverIRQHandler                             ./startup/startup_mk22f51212.o
PIT1_IRQHandler                                   ./startup/startup_mk22f51212.o
PIT2_DriverIRQHandler                             ./startup/startup_mk22f51212.o
PIT2_IRQHandler                                   ./startup/startup_mk22f51212.o
PIT3_DriverIRQHandler                             ./startup/startup_mk22f51212.o
PIT3_IRQHandler                                   ./startup/startup_mk22f51212.o
PORTA_DriverIRQHandler                            ./startup/startup_mk22f51212.o
PORTA_IRQHandler                                  ./startup/startup_mk22f51212.o
PORTB_DriverIRQHandler                            ./startup/startup_mk22f51212.o
PORTB_IRQHandler                                  ./startup/startup_mk22f51212.o
PORTC_DriverIRQHandler                            ./startup/startup_mk22f51212.o
PORTC_IRQHandler                                  ./startup/startup_mk22f51212.o
PORTD_DriverIRQHandler                            ./startup/startup_mk22f51212.o
PORTD_IRQHandler                                  ./startup/startup_mk22f51212.o
PORTE_DriverIRQHandler                            ./startup/startup_mk22f51212.o
PORTE_IRQHandler                                  ./startup/startup_mk22f51212.o
PendSV_Handler                                    ./startup/startup_mk22f51212.o
RNG_DriverIRQHandler                              ./startup/startup_mk22f51212.o
RNG_IRQHandler                                    ./startup/startup_mk22f51212.o
RTC_DriverIRQHandler                              ./startup/startup_mk22f51212.o
RTC_IRQHandler                                    ./startup/startup_mk22f51212.o
RTC_Seconds_DriverIRQHandler                      ./startup/startup_mk22f51212.o
RTC_Seconds_IRQHandler                            ./startup/startup_mk22f51212.o
Read_Collision_DriverIRQHandler                   ./startup/startup_mk22f51212.o
Read_Collision_IRQHandler                         ./startup/startup_mk22f51212.o
Reserved53_DriverIRQHandler                       ./startup/startup_mk22f51212.o
Reserved53_IRQHandler                             ./startup/startup_mk22f51212.o
Reserved54_DriverIRQHandler                       ./startup/startup_mk22f51212.o
Reserved54_IRQHandler                             ./startup/startup_mk22f51212.o
Reserved61_DriverIRQHandler                       ./startup/startup_mk22f51212.o
Reserved61_IRQHandler                             ./startup/startup_mk22f51212.o
Reserved70_DriverIRQHandler                       ./startup/startup_mk22f51212.o
Reserved70_IRQHandler                             ./startup/startup_mk22f51212.o
Reserved71_DriverIRQHandler                       ./startup/startup_mk22f51212.o
Reserved71_IRQHandler                             ./startup/startup_mk22f51212.o
Reserved81_DriverIRQHandler                       ./startup/startup_mk22f51212.o
Reserved81_IRQHandler                             ./startup/startup_mk22f51212.o
Reserved82_DriverIRQHandler                       ./startup/startup_mk22f51212.o
Reserved82_IRQHandler                             ./startup/startup_mk22f51212.o
Reserved83_DriverIRQHandler                       ./startup/startup_mk22f51212.o
Reserved83_IRQHandler                             ./startup/startup_mk22f51212.o
Reserved84_DriverIRQHandler                       ./startup/startup_mk22f51212.o
Reserved84_IRQHandler                             ./startup/startup_mk22f51212.o
Reserved85_DriverIRQHandler                       ./startup/startup_mk22f51212.o
Reserved85_IRQHandler                             ./startup/startup_mk22f51212.o
Reserved86_DriverIRQHandler                       ./startup/startup_mk22f51212.o
Reserved86_IRQHandler                             ./startup/startup_mk22f51212.o
ResetISR                                          ./startup/startup_mk22f51212.o
SPI0_DriverIRQHandler                             ./startup/startup_mk22f51212.o
SPI0_IRQHandler                                   ./startup/startup_mk22f51212.o
SPI1_DriverIRQHandler                             ./startup/startup_mk22f51212.o
SPI1_IRQHandler                                   ./startup/startup_mk22f51212.o
SVC_Handler                                       ./startup/startup_mk22f51212.o
SWI_DriverIRQHandler                              ./startup/startup_mk22f51212.o
SWI_IRQHandler                                    ./startup/startup_mk22f51212.o
SysTick_Handler                                   ./startup/startup_mk22f51212.o
SystemCoreClock                                   ./device/system_MK22F51212.o
SystemCoreClockUpdate                             ./device/system_MK22F51212.o
                                                  ./board/clock_config.o
SystemInit                                        ./device/system_MK22F51212.o
                                                  ./startup/startup_mk22f51212.o
SystemInitHook                                    ./device/system_MK22F51212.o
UART0_ERR_DriverIRQHandler                        ./startup/startup_mk22f51212.o
UART0_ERR_IRQHandler                              ./startup/startup_mk22f51212.o
UART0_RX_TX_DriverIRQHandler                      ./startup/startup_mk22f51212.o
UART0_RX_TX_IRQHandler                            ./startup/startup_mk22f51212.o
UART1_ERR_DriverIRQHandler                        ./startup/startup_mk22f51212.o
UART1_ERR_IRQHandler                              ./startup/startup_mk22f51212.o
UART1_RX_TX_DriverIRQHandler                      ./startup/startup_mk22f51212.o
UART1_RX_TX_IRQHandler                            ./startup/startup_mk22f51212.o
UART2_ERR_DriverIRQHandler                        ./startup/startup_mk22f51212.o
UART2_ERR_IRQHandler                              ./startup/startup_mk22f51212.o
UART2_RX_TX_DriverIRQHandler                      ./startup/startup_mk22f51212.o
UART2_RX_TX_IRQHandler                            ./startup/startup_mk22f51212.o
USB0_DriverIRQHandler                             ./startup/startup_mk22f51212.o
USB0_IRQHandler                                   ./startup/startup_mk22f51212.o
UsageFault_Handler                                ./startup/startup_mk22f51212.o
WDOG_EWM_DriverIRQHandler                         ./startup/startup_mk22f51212.o
WDOG_EWM_IRQHandler                               ./startup/startup_mk22f51212.o
_Csys_alloc                                       /usr/local/mcuxpressoide-11.1.0_3209/ide/plugins/com.nxp.mcuxpresso.tools.linux_11.1.0.201909161352/tools/bin/../lib/gcc/arm-none-eabi/8.3.1/../../../../arm-none-eabi/lib/thumb/v7e-m+fp/hard/libcr_c.a(alloc.o)
                                                  /usr/local/mcuxpressoide-11.1.0_3209/ide/plugins/com.nxp.mcuxpresso.tools.linux_11.1.0.201909161352/tools/bin/../lib/gcc/arm-none-eabi/8.3.1/../../../../arm-none-eabi/lib/thumb/v7e-m+fp/hard/libcr_c.a(_deferredlazyseek.o)
_Cwritebuf                                        /usr/local/mcuxpressoide-11.1.0_3209/ide/plugins/com.nxp.mcuxpresso.tools.linux_11.1.0.201909161352/tools/bin/../lib/gcc/arm-none-eabi/8.3.1/../../../../arm-none-eabi/lib/thumb/v7e-m+fp/hard/libcr_c.a(_writebuf.o)
                                                  /usr/local/mcuxpressoide-11.1.0_3209/ide/plugins/com.nxp.mcuxpresso.tools.linux_11.1.0.201909161352/tools/bin/../lib/gcc/arm-none-eabi/8.3.1/../../../../arm-none-eabi/lib/thumb/v7e-m+fp/hard/libcr_c.a(_fflush.o)
                                                  /usr/local/mcuxpressoide-11.1.0_3209/ide/plugins/com.nxp.mcuxpresso.tools.linux_11.1.0.201909161352/tools/bin/../lib/gcc/arm-none-eabi/8.3.1/../../../../arm-none-eabi/lib/thumb/v7e-m+fp/hard/libcr_c.a(_deferredlazyseek.o)
__CR_SEMIHOST                                     /usr/local/mcuxpressoide-11.1.0_3209/ide/plugins/com.nxp.mcuxpresso.tools.linux_11.1.0.201909161352/tools/bin/../lib/gcc/arm-none-eabi/8.3.1/../../../../arm-none-eabi/lib/thumb/v7e-m+fp/hard/libcr_semihost_nf.a(_cr__main.o)
__Ciob                                            /usr/local/mcuxpressoide-11.1.0_3209/ide/plugins/com.nxp.mcuxpresso.tools.linux_11.1.0.201909161352/tools/bin/../lib/gcc/arm-none-eabi/8.3.1/../../../../arm-none-eabi/lib/thumb/v7e-m+fp/hard/libcr_semihost_nf.a(__ciob.o)
                                                  /usr/local/mcuxpressoide-11.1.0_3209/ide/plugins/com.nxp.mcuxpresso.tools.linux_11.1.0.201909161352/tools/bin/../lib/gcc/arm-none-eabi/8.3.1/../../../../arm-none-eabi/lib/thumb/v7e-m+fp/hard/libcr_c.a(fflush.o)
                                                  /usr/local/mcuxpressoide-11.1.0_3209/ide/plugins/com.nxp.mcuxpresso.tools.linux_11.1.0.201909161352/tools/bin/../lib/gcc/arm-none-eabi/8.3.1/../../../../arm-none-eabi/lib/thumb/v7e-m+fp/hard/libcr_c.a(printf.o)
                                                  /usr/local/mcuxpressoide-11.1.0_3209/ide/plugins/com.nxp.mcuxpresso.tools.linux_11.1.0.201909161352/tools/bin/../lib/gcc/arm-none-eabi/8.3.1/../../../../arm-none-eabi/lib/thumb/v7e-m+fp/hard/libcr_c.a(initio.o)
__Vectors                                         ./startup/startup_mk22f51212.o
__aeabi_lowlevel_memset                           /usr/local/mcuxpressoide-11.1.0_3209/ide/plugins/com.nxp.mcuxpresso.tools.linux_11.1.0.201909161352/tools/bin/../lib/gcc/arm-none-eabi/8.3.1/thumb/v7e-m+fp/hard/libcr_eabihelpers.a(memcpy.o)
                                                  /usr/local/mcuxpressoide-11.1.0_3209/ide/plugins/com.nxp.mcuxpresso.tools.linux_11.1.0.201909161352/tools/bin/../lib/gcc/arm-none-eabi/8.3.1/../../../../arm-none-eabi/lib/thumb/v7e-m+fp/hard/libcr_c.a(memset.o)
__aeabi_memclr                                    /usr/local/mcuxpressoide-11.1.0_3209/ide/plugins/com.nxp.mcuxpresso.tools.linux_11.1.0.201909161352/tools/bin/../lib/gcc/arm-none-eabi/8.3.1/thumb/v7e-m+fp/hard/libcr_eabihelpers.a(memcpy.o)
__aeabi_memclr4                                   /usr/local/mcuxpressoide-11.1.0_3209/ide/plugins/com.nxp.mcuxpresso.tools.linux_11.1.0.201909161352/tools/bin/../lib/gcc/arm-none-eabi/8.3.1/thumb/v7e-m+fp/hard/libcr_eabihelpers.a(memcpy.o)
__aeabi_memclr8                                   /usr/local/mcuxpressoide-11.1.0_3209/ide/plugins/com.nxp.mcuxpresso.tools.linux_11.1.0.201909161352/tools/bin/../lib/gcc/arm-none-eabi/8.3.1/thumb/v7e-m+fp/hard/libcr_eabihelpers.a(memcpy.o)
__aeabi_memcpy                                    /usr/local/mcuxpressoide-11.1.0_3209/ide/plugins/com.nxp.mcuxpresso.tools.linux_11.1.0.201909161352/tools/bin/../lib/gcc/arm-none-eabi/8.3.1/thumb/v7e-m+fp/hard/libcr_eabihelpers.a(memcpy.o)
                                                  /usr/local/mcuxpressoide-11.1.0_3209/ide/plugins/com.nxp.mcuxpresso.tools.linux_11.1.0.201909161352/tools/bin/../lib/gcc/arm-none-eabi/8.3.1/../../../../arm-none-eabi/lib/thumb/v7e-m+fp/hard/libcr_c.a(memcpy.o)
__aeabi_memcpy4                                   /usr/local/mcuxpressoide-11.1.0_3209/ide/plugins/com.nxp.mcuxpresso.tools.linux_11.1.0.201909161352/tools/bin/../lib/gcc/arm-none-eabi/8.3.1/thumb/v7e-m+fp/hard/libcr_eabihelpers.a(memcpy.o)
__aeabi_memcpy8                                   /usr/local/mcuxpressoide-11.1.0_3209/ide/plugins/com.nxp.mcuxpresso.tools.linux_11.1.0.201909161352/tools/bin/../lib/gcc/arm-none-eabi/8.3.1/thumb/v7e-m+fp/hard/libcr_eabihelpers.a(memcpy.o)
__aeabi_memmove                                   /usr/local/mcuxpressoide-11.1.0_3209/ide/plugins/com.nxp.mcuxpresso.tools.linux_11.1.0.201909161352/tools/bin/../lib/gcc/arm-none-eabi/8.3.1/thumb/v7e-m+fp/hard/libcr_eabihelpers.a(memcpy.o)
__aeabi_memmove4                                  /usr/local/mcuxpressoide-11.1.0_3209/ide/plugins/com.nxp.mcuxpresso.tools.linux_11.1.0.201909161352/tools/bin/../lib/gcc/arm-none-eabi/8.3.1/thumb/v7e-m+fp/hard/libcr_eabihelpers.a(memcpy.o)
__aeabi_memmove8                                  /usr/local/mcuxpressoide-11.1.0_3209/ide/plugins/com.nxp.mcuxpresso.tools.linux_11.1.0.201909161352/tools/bin/../lib/gcc/arm-none-eabi/8.3.1/thumb/v7e-m+fp/hard/libcr_eabihelpers.a(memcpy.o)
__aeabi_memset                                    /usr/local/mcuxpressoide-11.1.0_3209/ide/plugins/com.nxp.mcuxpresso.tools.linux_11.1.0.201909161352/tools/bin/../lib/gcc/arm-none-eabi/8.3.1/thumb/v7e-m+fp/hard/libcr_eabihelpers.a(memcpy.o)
__aeabi_memset4                                   /usr/local/mcuxpressoide-11.1.0_3209/ide/plugins/com.nxp.mcuxpresso.tools.linux_11.1.0.201909161352/tools/bin/../lib/gcc/arm-none-eabi/8.3.1/thumb/v7e-m+fp/hard/libcr_eabihelpers.a(memcpy.o)
__aeabi_memset8                                   /usr/local/mcuxpressoide-11.1.0_3209/ide/plugins/com.nxp.mcuxpresso.tools.linux_11.1.0.201909161352/tools/bin/../lib/gcc/arm-none-eabi/8.3.1/thumb/v7e-m+fp/hard/libcr_eabihelpers.a(memcpy.o)
__bss_section_table_end                           ./startup/startup_mk22f51212.o
__check_heap_overflow                             /usr/local/mcuxpressoide-11.1.0_3209/ide/plugins/com.nxp.mcuxpresso.tools.linux_11.1.0.201909161352/tools/bin/../lib/gcc/arm-none-eabi/8.3.1/../../../../arm-none-eabi/lib/thumb/v7e-m+fp/hard/libcr_c.a(_cr_check_heap.o)
                                                  /usr/local/mcuxpressoide-11.1.0_3209/ide/plugins/com.nxp.mcuxpresso.tools.linux_11.1.0.201909161352/tools/bin/../lib/gcc/arm-none-eabi/8.3.1/../../../../arm-none-eabi/lib/thumb/v7e-m+fp/hard/libcr_c.a(_cr_sbrk.o)
__data_section_table                              ./startup/startup_mk22f51212.o
__data_section_table_end                          ./startup/startup_mk22f51212.o
__end_of_heap                                     /usr/local/mcuxpressoide-11.1.0_3209/ide/plugins/com.nxp.mcuxpresso.tools.linux_11.1.0.201909161352/tools/bin/../lib/gcc/arm-none-eabi/8.3.1/../../../../arm-none-eabi/lib/thumb/v7e-m+fp/hard/libcr_c.a(__init_alloc.o)
                                                  /usr/local/mcuxpressoide-11.1.0_3209/ide/plugins/com.nxp.mcuxpresso.tools.linux_11.1.0.201909161352/tools/bin/../lib/gcc/arm-none-eabi/8.3.1/../../../../arm-none-eabi/lib/thumb/v7e-m+fp/hard/libcr_c.a(_cr_sbrk.o)
__exit                                            /usr/local/mcuxpressoide-11.1.0_3209/ide/plugins/com.nxp.mcuxpresso.tools.linux_11.1.0.201909161352/tools/bin/../lib/gcc/arm-none-eabi/8.3.1/../../../../arm-none-eabi/lib/thumb/v7e-m+fp/hard/libcr_semihost_nf.a(__sys_appexit.o)
__flsbuf                                          /usr/local/mcuxpressoide-11.1.0_3209/ide/plugins/com.nxp.mcuxpresso.tools.linux_11.1.0.201909161352/tools/bin/../lib/gcc/arm-none-eabi/8.3.1/../../../../arm-none-eabi/lib/thumb/v7e-m+fp/hard/libcr_c.a(_deferredlazyseek.o)
                                                  /usr/local/mcuxpressoide-11.1.0_3209/ide/plugins/com.nxp.mcuxpresso.tools.linux_11.1.0.201909161352/tools/bin/../lib/gcc/arm-none-eabi/8.3.1/../../../../arm-none-eabi/lib/thumb/v7e-m+fp/hard/libcr_c.a(printf.o)
__heaps                                           /usr/local/mcuxpressoide-11.1.0_3209/ide/plugins/com.nxp.mcuxpresso.tools.linux_11.1.0.201909161352/tools/bin/../lib/gcc/arm-none-eabi/8.3.1/../../../../arm-none-eabi/lib/thumb/v7e-m+fp/hard/libcr_c.a(__init_alloc.o)
                                                  /usr/local/mcuxpressoide-11.1.0_3209/ide/plugins/com.nxp.mcuxpresso.tools.linux_11.1.0.201909161352/tools/bin/../lib/gcc/arm-none-eabi/8.3.1/../../../../arm-none-eabi/lib/thumb/v7e-m+fp/hard/libcr_c.a(alloc.o)
__main                                            /usr/local/mcuxpressoide-11.1.0_3209/ide/plugins/com.nxp.mcuxpresso.tools.linux_11.1.0.201909161352/tools/bin/../lib/gcc/arm-none-eabi/8.3.1/../../../../arm-none-eabi/lib/thumb/v7e-m+fp/hard/libcr_semihost_nf.a(_cr__main.o)
                                                  ./startup/startup_mk22f51212.o
__num_Ciob_streams                                /usr/local/mcuxpressoide-11.1.0_3209/ide/plugins/com.nxp.mcuxpresso.tools.linux_11.1.0.201909161352/tools/bin/../lib/gcc/arm-none-eabi/8.3.1/../../../../arm-none-eabi/lib/thumb/v7e-m+fp/hard/libcr_semihost_nf.a(__ciob.o)
                                                  /usr/local/mcuxpressoide-11.1.0_3209/ide/plugins/com.nxp.mcuxpresso.tools.linux_11.1.0.201909161352/tools/bin/../lib/gcc/arm-none-eabi/8.3.1/../../../../arm-none-eabi/lib/thumb/v7e-m+fp/hard/libcr_c.a(fflush.o)
                                                  /usr/local/mcuxpressoide-11.1.0_3209/ide/plugins/com.nxp.mcuxpresso.tools.linux_11.1.0.201909161352/tools/bin/../lib/gcc/arm-none-eabi/8.3.1/../../../../arm-none-eabi/lib/thumb/v7e-m+fp/hard/libcr_c.a(initio.o)
__sys_appexit                                     /usr/local/mcuxpressoide-11.1.0_3209/ide/plugins/com.nxp.mcuxpresso.tools.linux_11.1.0.201909161352/tools/bin/../lib/gcc/arm-none-eabi/8.3.1/../../../../arm-none-eabi/lib/thumb/v7e-m+fp/hard/libcr_semihost_nf.a(__sys_appexit.o)
                                                  /usr/local/mcuxpressoide-11.1.0_3209/ide/plugins/com.nxp.mcuxpresso.tools.linux_11.1.0.201909161352/tools/bin/../lib/gcc/arm-none-eabi/8.3.1/../../../../arm-none-eabi/lib/thumb/v7e-m+fp/hard/libcr_c.a(alloc.o)
__sys_close                                       /usr/local/mcuxpressoide-11.1.0_3209/ide/plugins/com.nxp.mcuxpresso.tools.linux_11.1.0.201909161352/tools/bin/../lib/gcc/arm-none-eabi/8.3.1/../../../../arm-none-eabi/lib/thumb/v7e-m+fp/hard/libcr_semihost_nf.a(__sys_close.o)
                                                  /usr/local/mcuxpressoide-11.1.0_3209/ide/plugins/com.nxp.mcuxpresso.tools.linux_11.1.0.201909161352/tools/bin/../lib/gcc/arm-none-eabi/8.3.1/../../../../arm-none-eabi/lib/thumb/v7e-m+fp/hard/libcr_c.a(fclose.o)
__sys_flen                                        /usr/local/mcuxpressoide-11.1.0_3209/ide/plugins/com.nxp.mcuxpresso.tools.linux_11.1.0.201909161352/tools/bin/../lib/gcc/arm-none-eabi/8.3.1/../../../../arm-none-eabi/lib/thumb/v7e-m+fp/hard/libcr_semihost_nf.a(__sys_flen.o)
                                                  /usr/local/mcuxpressoide-11.1.0_3209/ide/plugins/com.nxp.mcuxpresso.tools.linux_11.1.0.201909161352/tools/bin/../lib/gcc/arm-none-eabi/8.3.1/../../../../arm-none-eabi/lib/thumb/v7e-m+fp/hard/libcr_c.a(fseek.o)
                                                  /usr/local/mcuxpressoide-11.1.0_3209/ide/plugins/com.nxp.mcuxpresso.tools.linux_11.1.0.201909161352/tools/bin/../lib/gcc/arm-none-eabi/8.3.1/../../../../arm-none-eabi/lib/thumb/v7e-m+fp/hard/libcr_c.a(_writebuf.o)