17:47:32 **** Clean-only build of configuration Debug for project HelloWorld ****
make -r -j2 clean 
rm -rf  ./startup/startup_mk22f51212.o  ./source/HelloWorld.o ./source/semihost_hardfault.o  ./device/system_MK22F51212.o  ./board/board.o ./board/clock_config.o ./board/peripherals.o ./board/pin_mux.o  ./startup/startup_mk22f51212.d  ./source/HelloWorld.d ./source/semihost_hardfault.d  ./device/system_MK22F51212.d  ./board/board.d ./board/clock_config.d ./board/peripherals.d ./board/pin_mux.d  HelloWorld.axf
 
11:34:23 **** Build of configuration Debug for project HelloWorld ****
make -r -j2 all 
Building file: ../source/HelloWorld.c
Building file: ../startup/startup_mk22f51212.c
Invoking: MCU C Compiler
arm-none-eabi-gcc -std=c11 -D__REDLIB__ -DCPU_MK22FN512VLL12 -DCPU_MK22FN512VLL12_cm4 -DFSL_RTOS_BM -DSDK_OS_BAREMETAL -DSDK_DEBUGCONSOLE=0 -DCR_INTEGER_PRINTF -DPRINTF_FLOAT_ENABLE=0 -D__MCUXPRESSO -D__USE_CMSIS -DDEBUG -I"/home/hslu/MCUXpresso_workspace/HelloWorld/board" -I"/home/hslu/MCUXpresso_workspace/HelloWorld/source" -I"/home/hslu/MCUXpresso_workspace/HelloWorld" -I"/home/hslu/MCUXpresso_workspace/HelloWorld/device" -I"/home/hslu/MCUXpresso_workspace/HelloWorld/CMSIS" -O0 -fno-common -g3 -Wall -c -ffunction-sections -fdata-sections -ffreestanding -fno-builtin -fmerge-constants -fmacro-prefix-map="../startup/"=. -mcpu=cortex-m4 -mfpu=fpv4-sp-d16 -mfloat-abi=hard -mthumb -D__REDLIB__ -fstack-usage -specs=redlib.specs -MMD -MP -MF"startup/startup_mk22f51212.d" -MT"startup/startup_mk22f51212.o" -MT"startup/startup_mk22f51212.d" -o "startup/startup_mk22f51212.o" "../startup/startup_mk22f51212.c"
Invoking: MCU C Compiler
arm-none-eabi-gcc -std=c11 -D__REDLIB__ -DCPU_MK22FN512VLL12 -DCPU_MK22FN512VLL12_cm4 -DFSL_RTOS_BM -DSDK_OS_BAREMETAL -DSDK_DEBUGCONSOLE=0 -DCR_INTEGER_PRINTF -DPRINTF_FLOAT_ENABLE=0 -D__MCUXPRESSO -D__USE_CMSIS -DDEBUG -I"/home/hslu/MCUXpresso_workspace/HelloWorld/board" -I"/home/hslu/MCUXpresso_workspace/HelloWorld/source" -I"/home/hslu/MCUXpresso_workspace/HelloWorld" -I"/home/hslu/MCUXpresso_workspace/HelloWorld/device" -I"/home/hslu/MCUXpresso_workspace/HelloWorld/CMSIS" -O0 -fno-common -g3 -Wall -c -ffunction-sections -fdata-sections -ffreestanding -fno-builtin -fmerge-constants -fmacro-prefix-map="../source/"=. -mcpu=cortex-m4 -mfpu=fpv4-sp-d16 -mfloat-abi=hard -mthumb -D__REDLIB__ -fstack-usage -specs=redlib.specs -MMD -MP -MF"source/HelloWorld.d" -MT"source/HelloWorld.o" -MT"source/HelloWorld.d" -o "source/HelloWorld.o" "../source/HelloWorld.c"
Finished building: ../source/HelloWorld.c
 
Building file: ../source/semihost_hardfault.c
Invoking: MCU C Compiler
arm-none-eabi-gcc -std=c11 -D__REDLIB__ -DCPU_MK22FN512VLL12 -DCPU_MK22FN512VLL12_cm4 -DFSL_RTOS_BM -DSDK_OS_BAREMETAL -DSDK_DEBUGCONSOLE=0 -DCR_INTEGER_PRINTF -DPRINTF_FLOAT_ENABLE=0 -D__MCUXPRESSO -D__USE_CMSIS -DDEBUG -I"/home/hslu/MCUXpresso_workspace/HelloWorld/board" -I"/home/hslu/MCUXpresso_workspace/HelloWorld/source" -I"/home/hslu/MCUXpresso_workspace/HelloWorld" -I"/home/hslu/MCUXpresso_workspace/HelloWorld/device" -I"/home/hslu/MCUXpresso_workspace/HelloWorld/CMSIS" -O0 -fno-common -g3 -Wall -c -ffunction-sections -fdata-sections -ffreestanding -fno-builtin -fmerge-constants -fmacro-prefix-map="../source/"=. -mcpu=cortex-m4 -mfpu=fpv4-sp-d16 -mfloat-abi=hard -mthumb -D__REDLIB__ -fstack-usage -specs=redlib.specs -MMD -MP -MF"source/semihost_hardfault.d" -MT"source/semihost_hardfault.o" -MT"source/semihost_hardfault.d" -o "source/semihost_hardfault.o" "../source/semihost_hardfault.c"
Finished building: ../startup/startup_mk22f51212.c
 
Building file: ../device/system_MK22F51212.c
Invoking: MCU C Compiler
arm-none-eabi-gcc -std=c11 -D__REDLIB__ -DCPU_MK22FN512VLL12 -DCPU_MK22FN512VLL12_cm4 -DFSL_RTOS_BM -DSDK_OS_BAREMETAL -DSDK_DEBUGCONSOLE=0 -DCR_INTEGER_PRINTF -DPRINTF_FLOAT_ENABLE=0 -D__MCUXPRESSO -D__USE_CMSIS -DDEBUG -I"/home/hslu/MCUXpresso_workspace/HelloWorld/board" -I"/home/hslu/MCUXpresso_workspace/HelloWorld/source" -I"/home/hslu/MCUXpresso_workspace/HelloWorld" -I"/home/hslu/MCUXpresso_workspace/HelloWorld/device" -I"/home/hslu/MCUXpresso_workspace/HelloWorld/CMSIS" -O0 -fno-common -g3 -Wall -c -ffunction-sections -fdata-sections -ffreestanding -fno-builtin -fmerge-constants -fmacro-prefix-map="../device/"=. -mcpu=cortex-m4 -mfpu=fpv4-sp-d16 -mfloat-abi=hard -mthumb -D__REDLIB__ -fstack-usage -specs=redlib.specs -MMD -MP -MF"device/system_MK22F51212.d" -MT"device/system_MK22F51212.o" -MT"device/system_MK22F51212.d" -o "device/system_MK22F51212.o" "../device/system_MK22F51212.c"
Finished building: ../source/semihost_hardfault.c
 
Building file: ../board/board.c
Invoking: MCU C Compiler
arm-none-eabi-gcc -std=c11 -D__REDLIB__ -DCPU_MK22FN512VLL12 -DCPU_MK22FN512VLL12_cm4 -DFSL_RTOS_BM -DSDK_OS_BAREMETAL -DSDK_DEBUGCONSOLE=0 -DCR_INTEGER_PRINTF -DPRINTF_FLOAT_ENABLE=0 -D__MCUXPRESSO -D__USE_CMSIS -DDEBUG -I"/home/hslu/MCUXpresso_workspace/HelloWorld/board" -I"/home/hslu/MCUXpresso_workspace/HelloWorld/source" -I"/home/hslu/MCUXpresso_workspace/HelloWorld" -I"/home/hslu/MCUXpresso_workspace/HelloWorld/device" -I"/home/hslu/MCUXpresso_workspace/HelloWorld/CMSIS" -O0 -fno-common -g3 -Wall -c -ffunction-sections -fdata-sections -ffreestanding -fno-builtin -fmerge-constants -fmacro-prefix-map="../board/"=. -mcpu=cortex-m4 -mfpu=fpv4-sp-d16 -mfloat-abi=hard -mthumb -D__REDLIB__ -fstack-usage -specs=redlib.specs -MMD -MP -MF"board/board.d" -MT"board/board.o" -MT"board/board.d" -o "board/board.o" "../board/board.c"
Finished building: ../board/board.c
 
Building file: ../board/clock_config.c
Invoking: MCU C Compiler
arm-none-eabi-gcc -std=c11 -D__REDLIB__ -DCPU_MK22FN512VLL12 -DCPU_MK22FN512VLL12_cm4 -DFSL_RTOS_BM -DSDK_OS_BAREMETAL -DSDK_DEBUGCONSOLE=0 -DCR_INTEGER_PRINTF -DPRINTF_FLOAT_ENABLE=0 -D__MCUXPRESSO -D__USE_CMSIS -DDEBUG -I"/home/hslu/MCUXpresso_workspace/HelloWorld/board" -I"/home/hslu/MCUXpresso_workspace/HelloWorld/source" -I"/home/hslu/MCUXpresso_workspace/HelloWorld" -I"/home/hslu/MCUXpresso_workspace/HelloWorld/device" -I"/home/hslu/MCUXpresso_workspace/HelloWorld/CMSIS" -O0 -fno-common -g3 -Wall -c -ffunction-sections -fdata-sections -ffreestanding -fno-builtin -fmerge-constants -fmacro-prefix-map="../board/"=. -mcpu=cortex-m4 -mfpu=fpv4-sp-d16 -mfloat-abi=hard -mthumb -D__REDLIB__ -fstack-usage -specs=redlib.specs -MMD -MP -MF"board/clock_config.d" -MT"board/clock_config.o" -MT"board/clock_config.d" -o "board/clock_config.o" "../board/clock_config.c"
Finished building: ../device/system_MK22F51212.c
 
Building file: ../board/peripherals.c
Invoking: MCU C Compiler
arm-none-eabi-gcc -std=c11 -D__REDLIB__ -DCPU_MK22FN512VLL12 -DCPU_MK22FN512VLL12_cm4 -DFSL_RTOS_BM -DSDK_OS_BAREMETAL -DSDK_DEBUGCONSOLE=0 -DCR_INTEGER_PRINTF -DPRINTF_FLOAT_ENABLE=0 -D__MCUXPRESSO -D__USE_CMSIS -DDEBUG -I"/home/hslu/MCUXpresso_workspace/HelloWorld/board" -I"/home/hslu/MCUXpresso_workspace/HelloWorld/source" -I"/home/hslu/MCUXpresso_workspace/HelloWorld" -I"/home/hslu/MCUXpresso_workspace/HelloWorld/device" -I"/home/hslu/MCUXpresso_workspace/HelloWorld/CMSIS" -O0 -fno-common -g3 -Wall -c -ffunction-sections -fdata-sections -ffreestanding -fno-builtin -fmerge-constants -fmacro-prefix-map="../board/"=. -mcpu=cortex-m4 -mfpu=fpv4-sp-d16 -mfloat-abi=hard -mthumb -D__REDLIB__ -fstack-usage -specs=redlib.specs -MMD -MP -MF"board/peripherals.d" -MT"board/peripherals.o" -MT"board/peripherals.d" -o "board/peripherals.o" "../board/peripherals.c"
Finished building: ../board/clock_config.c
 
Building file: ../board/pin_mux.c
Invoking: MCU C Compiler
arm-none-eabi-gcc -std=c11 -D__REDLIB__ -DCPU_MK22FN512VLL12 -DCPU_MK22FN512VLL12_cm4 -DFSL_RTOS_BM -DSDK_OS_BAREMETAL -DSDK_DEBUGCONSOLE=0 -DCR_INTEGER_PRINTF -DPRINTF_FLOAT_ENABLE=0 -D__MCUXPRESSO -D__USE_CMSIS -DDEBUG -I"/home/hslu/MCUXpresso_workspace/HelloWorld/board" -I"/home/hslu/MCUXpresso_workspace/HelloWorld/source" -I"/home/hslu/MCUXpresso_workspace/HelloWorld" -I"/home/hslu/MCUXpresso_workspace/HelloWorld/device" -I"/home/hslu/MCUXpresso_workspace/HelloWorld/CMSIS" -O0 -fno-common -g3 -Wall -c -ffunction-sections -fdata-sections -ffreestanding -fno-builtin -fmerge-constants -fmacro-prefix-map="../board/"=. -mcpu=cortex-m4 -mfpu=fpv4-sp-d16 -mfloat-abi=hard -mthumb -D__REDLIB__ -fstack-usage -specs=redlib.specs -MMD -MP -MF"board/pin_mux.d" -MT"board/pin_mux.o" -MT"board/pin_mux.d" -o "board/pin_mux.o" "../board/pin_mux.c"
Finished building: ../board/peripherals.c
 
Finished building: ../board/pin_mux.c
 
Building target: HelloWorld.axf
Invoking: MCU Linker
arm-none-eabi-gcc -nostdlib -Xlinker -Map="HelloWorld.map" -Xlinker --gc-sections -Xlinker -print-memory-usage -Xlinker --sort-section=alignment -Xlinker --cref -mcpu=cortex-m4 -mfpu=fpv4-sp-d16 -mfloat-abi=hard -mthumb -T "HelloWorld_Debug.ld" -o "HelloWorld.axf"  ./startup/startup_mk22f51212.o  ./source/HelloWorld.o ./source/semihost_hardfault.o  ./device/system_MK22F51212.o  ./board/board.o ./board/clock_config.o ./board/peripherals.o ./board/pin_mux.o   
Memory region         Used Size  Region Size  %age Used
   PROGRAM_FLASH:        7860 B       512 KB      1.50%
      SRAM_UPPER:        8392 B        64 KB     12.81%
      SRAM_LOWER:          0 GB        64 KB      0.00%
Finished building target: HelloWorld.axf
 
make --no-print-directory post-build
Performing post-build steps
arm-none-eabi-size "HelloWorld.axf"; # arm-none-eabi-objcopy -v -O binary "HelloWorld.axf" "HelloWorld.bin" ; # checksum -p MK22FN512xxx12 -d "HelloWorld.bin";
   text	   data	    bss	    dec	    hex	filename
   7856	      4	   8388	  16248	   3f78	HelloWorld.axf
 
11:36:14 **** Incremental Build of configuration Debug for project HelloWorld ****
make -r -j2 all 
make: Für das Ziel „all“ ist nichts zu tun.
